{
  "episodes": 20,
  "fused": {
    "C0": {
      "mean": 52.0,
      "ci95": 6.608428052872814
    },
    "C1": {
      "mean": 51.000000000000014,
      "ci95": 7.236376799708315
    },
    "C3": {
      "mean": 54.0,
      "ci95": 8.093638365716282
    },
    "C4": {
      "mean": 51.0,
      "ci95": 6.654161664671189
    },
    "C2p0": {
      "mean": 51.0,
      "ci95": 6.654161664671189
    },
    "C2p1": {
      "mean": 51.0,
      "ci95": 6.654161664671189
    },
    "C2p2": {
      "mean": 51.000000000000014,
      "ci95": 7.236376799708315
    },
    "C2p3": {
      "mean": 51.000000000000014,
      "ci95": 7.236376799708315
    },
    "C2p4": {
      "mean": 51.000000000000014,
      "ci95": 7.236376799708315
    }
  },
  "OS_C0_minus_C2mean": {
    "mean": 1.0000000000000004,
    "ci95": 2.5356239811105272
  },
  "delta_C0_minus_C1": {
    "mean": 0.9999999999999991,
    "ci95": 3.453800884311548
  },
  "u1_sem_max_abs_diff_C0_vs_C2": {
    "max": 0.01213701069355011,
    "mean": 0.009190252050757408,
    "p99": 0.012036304175853729
  },
  "sanity_text_perturb_leaves_visual_unchanged": true,
  "ot_plan_stats": {
    "pi_entropy_norm": {
      "mean": 0.9326202613115311,
      "p95": 0.9376754641532898,
      "p99": 0.9411499190330506,
      "max": 0.9434812068939209,
      "min": 0.9220151901245117
    },
    "row_residual": {
      "mean": 2.52455472946167e-07,
      "p95": 3.732740879058831e-07,
      "p99": 7.154047489166258e-07,
      "max": 1.0281801223754883e-06,
      "min": 1.1920928955078125e-07
    },
    "col_residual": {
      "mean": 1.1199712753295898e-07,
      "p95": 2.399086952209459e-07,
      "p99": 6.857514381408689e-07,
      "max": 1.0132789611816406e-06,
      "min": 0.0
    },
    "stage_mass_min": {
      "mean": 0.3333332883119583,
      "p95": 0.3333333432674408,
      "p99": 0.3333333432674408,
      "max": 0.3333333730697632,
      "min": 0.33333298563957214
    },
    "total_mass": {
      "mean": 0.9999999482631683,
      "p95": 1.0,
      "p99": 1.0000001192092896,
      "max": 1.000000238418579,
      "min": 0.9999989867210388
    },
    "stage_mass_mean": {
      "mean": 0.3333333109815915,
      "p95": 0.3333333134651184,
      "p99": 0.3333333134651184,
      "max": 0.3333333134651184,
      "min": 0.333333283662796
    }
  }
}
