[200/10000] C0=57.90 OS=0.90±1.01
[400/10000] C0=56.70 OS=0.84±0.67
[600/10000] C0=57.17 OS=1.01±0.55
[800/10000] C0=56.88 OS=0.90±0.49
[1000/10000] C0=57.34 OS=0.74±0.42
[1200/10000] C0=57.22 OS=0.81±0.39
[1400/10000] C0=56.99 OS=0.69±0.36
[1600/10000] C0=57.16 OS=0.73±0.33
[1800/10000] C0=57.21 OS=0.80±0.31
[2000/10000] C0=57.30 OS=0.81±0.30
[2200/10000] C0=57.03 OS=0.78±0.28
[2400/10000] C0=56.90 OS=0.71±0.27
[2600/10000] C0=57.00 OS=0.68±0.26
[2800/10000] C0=57.06 OS=0.63±0.25
[3000/10000] C0=56.90 OS=0.59±0.24
[3200/10000] C0=56.88 OS=0.61±0.23
[3400/10000] C0=56.96 OS=0.59±0.22
[3600/10000] C0=56.94 OS=0.56±0.22
[3800/10000] C0=57.05 OS=0.58±0.21
[4000/10000] C0=57.06 OS=0.55±0.20
[4200/10000] C0=57.14 OS=0.55±0.20
[4400/10000] C0=57.08 OS=0.57±0.20
[4600/10000] C0=57.14 OS=0.52±0.19
[4800/10000] C0=57.17 OS=0.55±0.19
[5000/10000] C0=57.06 OS=0.52±0.18
[5200/10000] C0=57.18 OS=0.54±0.18
[5400/10000] C0=57.20 OS=0.52±0.18
[5600/10000] C0=57.18 OS=0.50±0.17
[5800/10000] C0=57.19 OS=0.50±0.17
[6000/10000] C0=57.19 OS=0.47±0.17
[6200/10000] C0=57.18 OS=0.47±0.16
[6400/10000] C0=57.11 OS=0.48±0.16
[6600/10000] C0=57.03 OS=0.46±0.16
[6800/10000] C0=56.97 OS=0.42±0.16
[7000/10000] C0=56.99 OS=0.42±0.15
[7200/10000] C0=56.96 OS=0.40±0.15
[7400/10000] C0=56.92 OS=0.40±0.15
[7600/10000] C0=56.92 OS=0.39±0.15
[7800/10000] C0=56.96 OS=0.39±0.15
[8000/10000] C0=56.95 OS=0.38±0.14
[8200/10000] C0=56.99 OS=0.38±0.14
[8400/10000] C0=56.93 OS=0.37±0.14
[8600/10000] C0=56.99 OS=0.37±0.14
[8800/10000] C0=57.00 OS=0.37±0.14
[9000/10000] C0=56.95 OS=0.37±0.14
[9200/10000] C0=56.88 OS=0.36±0.14
[9400/10000] C0=56.84 OS=0.36±0.13
[9600/10000] C0=56.88 OS=0.34±0.13
[9800/10000] C0=56.85 OS=0.34±0.13
[10000/10000] C0=56.82 OS=0.34±0.13
{
  "episodes": 10000,
  "fused": {
    "C0": {
      "mean": 56.824,
      "ci95": 0.40241606115667533
    },
    "C1": {
      "mean": 56.312000000000005,
      "ci95": 0.40199846743289214
    },
    "C3": {
      "mean": 56.316,
      "ci95": 0.40055733219044787
    },
    "C4": {
      "mean": 55.704,
      "ci95": 0.39704895180685573
    },
    "C2p0": {
      "mean": 56.48000000000001,
      "ci95": 0.401812516742795
    },
    "C2p1": {
      "mean": 56.808,
      "ci95": 0.4033592020171136
    },
    "C2p2": {
      "mean": 56.469999999999985,
      "ci95": 0.40198912262673664
    },
    "C2p3": {
      "mean": 56.34400000000001,
      "ci95": 0.4011924978679522
    },
    "C2p4": {
      "mean": 56.312000000000005,
      "ci95": 0.40199846743289214
    }
  },
  "OS_C0_minus_C2mean": {
    "mean": 0.34120000000000017,
    "ci95": 0.12927196913078806
  },
  "delta_C0_minus_C1": {
    "mean": 0.512,
    "ci95": 0.17772678328244604
  },
  "sanity_text_perturb_leaves_visual_unchanged": true
}
