[200/1000] C0=58.10 OS=0.04±0.08
[400/1000] C0=55.75 OS=0.02±0.04
[600/1000] C0=56.10 OS=0.01±0.03
[800/1000] C0=56.10 OS=0.01±0.02
[1000/1000] C0=56.68 OS=0.01±0.02
{
  "episodes": 1000,
  "fused": {
    "C0": {
      "mean": 56.68,
      "ci95": 1.2429630173661066
    },
    "C1": {
      "mean": 56.65999999999999,
      "ci95": 1.2433756430300367
    },
    "C3": {
      "mean": 56.66,
      "ci95": 1.2544597161244573
    },
    "C4": {
      "mean": 56.16,
      "ci95": 1.2409145643926884
    },
    "C2p0": {
      "mean": 56.68,
      "ci95": 1.2429630173661066
    },
    "C2p1": {
      "mean": 56.68,
      "ci95": 1.2429630173661066
    },
    "C2p2": {
      "mean": 56.65999999999999,
      "ci95": 1.2433756430300367
    },
    "C2p3": {
      "mean": 56.68,
      "ci95": 1.2429630173661066
    },
    "C2p4": {
      "mean": 56.65999999999999,
      "ci95": 1.2433756430300367
    }
  },
  "OS_C0_minus_C2mean": {
    "mean": 0.007999999999999997,
    "ci95": 0.015679711876320425
  },
  "delta_C0_minus_C1": {
    "mean": 0.019999999999999997,
    "ci95": 0.03919927969080107
  },
  "u1_sem_max_abs_diff_C0_vs_C2": {
    "max": 1.9669532775878906e-05,
    "mean": 8.644290268421174e-06,
    "p99": 1.634731888771057e-05
  },
  "sanity_text_perturb_leaves_visual_unchanged": true,
  "ot_plan_stats": {
    "pi_entropy_norm": {
      "mean": 0.9999737405610084,
      "p95": 0.9999967813491821,
      "p99": 0.9999985098838806,
      "max": 0.9999997615814209,
      "min": 0.9995233416557312
    },
    "row_residual": {
      "mean": 1.2815713882446288e-07,
      "p95": 1.9371509552001953e-07,
      "p99": 2.2351741790771484e-07,
      "max": 3.2782554626464844e-07,
      "min": 0.0
    },
    "col_residual": {
      "mean": 8.068084716796874e-08,
      "p95": 1.4901161193847656e-07,
      "p99": 2.086162567138672e-07,
      "max": 3.2782554626464844e-07,
      "min": 0.0
    },
    "stage_mass_min": {
      "mean": 0.3333333234930038,
      "p95": 0.3333333730697632,
      "p99": 0.3333333730697632,
      "max": 0.33333343267440796,
      "min": 0.33333322405815125
    },
    "total_mass": {
      "mean": 1.0000000386667252,
      "p95": 1.000000238418579,
      "p99": 1.000000238418579,
      "max": 1.0000003576278687,
      "min": 0.9999998807907104
    }
  }
}
