[probe 200/1000] λ0:H=0.880/band=0.341/cL1=0.396 λ0.1:H=0.463/band=0.747/cL1=0.174 λ0.3:H=0.201/band=0.892/cL1=0.026 λ1:H=0.159/band=0.909/cL1=0.033 λ3:H=0.000/band=1.000/cL1=0.000
[probe 400/1000] λ0:H=0.879/band=0.341/cL1=0.397 λ0.1:H=0.463/band=0.746/cL1=0.174 λ0.3:H=0.201/band=0.892/cL1=0.025 λ1:H=0.159/band=0.909/cL1=0.033 λ3:H=0.000/band=1.000/cL1=0.000
[probe 600/1000] λ0:H=0.878/band=0.342/cL1=0.398 λ0.1:H=0.463/band=0.746/cL1=0.175 λ0.3:H=0.201/band=0.892/cL1=0.026 λ1:H=0.159/band=0.909/cL1=0.033 λ3:H=0.000/band=1.000/cL1=0.000
[probe 800/1000] λ0:H=0.878/band=0.341/cL1=0.399 λ0.1:H=0.464/band=0.746/cL1=0.175 λ0.3:H=0.201/band=0.892/cL1=0.026 λ1:H=0.159/band=0.909/cL1=0.033 λ3:H=0.000/band=1.000/cL1=0.000
[probe 1000/1000] λ0:H=0.877/band=0.341/cL1=0.400 λ0.1:H=0.464/band=0.745/cL1=0.176 λ0.3:H=0.201/band=0.892/cL1=0.026 λ1:H=0.158/band=0.909/cL1=0.034 λ3:H=0.000/band=1.000/cL1=0.000
{
  "mode": "ot_probe",
  "episodes": 1000,
  "wall_time_s": 631.0350966453552,
  "ot_eps": 0.01,
  "ot_rho": null,
  "ot_iters": 30,
  "ot_weight": "mass",
  "frame_source": "ca",
  "lambdas": [
    0.0,
    0.1,
    0.3,
    1.0,
    3.0
  ],
  "per_lambda": {
    "0": {
      "row_cond_entropy": {
        "mean": 0.8769437144947052,
        "p95": 0.9785696476697922,
        "p99": 0.989555293917656,
        "max": 0.9987073540687561,
        "min": 0.4746516942977905
      },
      "band_mass": {
        "mean": 0.3408190477406979,
        "p95": 0.4996801644563675,
        "p99": 0.5826116180419919,
        "max": 0.7606254816055298,
        "min": 0.05361206829547882
      },
      "content_l1_full_vs_pos": {
        "mean": 0.40029642586484554,
        "p95": 0.6569717794656753,
        "p99": 0.7622711873054503,
        "max": 0.958864688873291,
        "min": 0.04608031362295151
      },
      "cross_class_l1": {
        "mean": 0.5240886277765036,
        "p95": 0.7150434643030167,
        "p99": 0.7962558722496036,
        "max": 0.9828599095344543,
        "min": 0.1505766659975052
      },
      "cross_query_l1": {
        "mean": 0.5460481679320336,
        "p95": 0.7671860039234162,
        "p99": 0.8381492841243744,
        "max": 0.9746990203857422,
        "min": 0.17694707214832306
      },
      "aux_acc_fused": {
        "mean": 57.24,
        "ci95": 1.2653525043330855
      },
      "aux_acc_sem": {
        "mean": 52.72,
        "ci95": 1.2595946309773218
      },
      "aux_OS_fused": {
        "mean": 0.0,
        "ci95": 0.0
      }
    },
    "0.1": {
      "row_cond_entropy": {
        "mean": 0.4639858241224289,
        "p95": 0.5653943002223969,
        "p99": 0.6080460739135741,
        "max": 0.7099653482437134,
        "min": 0.22878389060497284
      },
      "band_mass": {
        "mean": 0.7452679605185986,
        "p95": 0.830036973953247,
        "p99": 0.8615920639038085,
        "max": 0.902508020401001,
        "min": 0.2846437692642212
      },
      "content_l1_full_vs_pos": {
        "mean": 0.17633926847979425,
        "p95": 0.3847392946481704,
        "p99": 0.5504252016544335,
        "max": 1.0775235891342163,
        "min": 0.010447898879647255
      },
      "cross_class_l1": {
        "mean": 0.2416782539270818,
        "p95": 0.3946248218417168,
        "p99": 0.47149554818868666,
        "max": 0.6515185236930847,
        "min": 0.052258607000112534
      },
      "cross_query_l1": {
        "mean": 0.2512043231099844,
        "p95": 0.4287931516766549,
        "p99": 0.5055568969249729,
        "max": 0.6624302268028259,
        "min": 0.06624557822942734
      },
      "aux_acc_fused": {
        "mean": 57.28,
        "ci95": 1.2571500100573463
      },
      "aux_acc_sem": {
        "mean": 53.02,
        "ci95": 1.244666456399226
      },
      "aux_OS_fused": {
        "mean": 0.27600000000000013,
        "ci95": 0.3359334884789851
      }
    },
    "0.3": {
      "row_cond_entropy": {
        "mean": 0.20133921081125736,
        "p95": 0.2429816409945488,
        "p99": 0.27720286279916706,
        "max": 0.40808379650115967,
        "min": 0.14148429036140442
      },
      "band_mass": {
        "mean": 0.8920619918775559,
        "p95": 0.9024374037981033,
        "p99": 0.9040217626094819,
        "max": 0.9177520275115967,
        "min": 0.6091508865356445
      },
      "content_l1_full_vs_pos": {
        "mean": 0.026096577367845458,
        "p95": 0.07864564992487424,
        "p99": 0.15502182975411408,
        "max": 0.5775856971740723,
        "min": 0.0007126216078177094
      },
      "cross_class_l1": {
        "mean": 0.038520950718596576,
        "p95": 0.08758342787623406,
        "p99": 0.1347345091402531,
        "max": 0.2643679678440094,
        "min": 0.005901688244193792
      },
      "cross_query_l1": {
        "mean": 0.039030825243983415,
        "p95": 0.09289376214146615,
        "p99": 0.1374691337347033,
        "max": 0.26814979314804077,
        "min": 0.005350470542907715
      },
      "aux_acc_fused": {
        "mean": 57.240000000000016,
        "ci95": 1.2798561949767144
      },
      "aux_acc_sem": {
        "mean": 52.96000000000001,
        "ci95": 1.2526099722597301
      },
      "aux_OS_fused": {
        "mean": 0.5200000000000002,
        "ci95": 0.42248051877476656
      }
    },
    "1": {
      "row_cond_entropy": {
        "mean": 0.15846644910544158,
        "p95": 0.1653573229908943,
        "p99": 0.16548903286457062,
        "max": 0.1670166552066803,
        "min": 0.09049780666828156
      },
      "band_mass": {
        "mean": 0.9087989265346527,
        "p95": 0.920715606212616,
        "p99": 0.9298489820957183,
        "max": 0.9540400505065918,
        "min": 0.9044040441513062
      },
      "content_l1_full_vs_pos": {
        "mean": 0.03360635906043084,
        "p95": 0.09949353896081446,
        "p99": 0.1317269463837146,
        "max": 0.1421254277229309,
        "min": 3.7283207348082215e-05
      },
      "cross_class_l1": {
        "mean": 0.04736080246474594,
        "p95": 0.08374825939536094,
        "p99": 0.10093165718019009,
        "max": 0.12648430466651917,
        "min": 0.006991863250732422
      },
      "cross_query_l1": {
        "mean": 0.041125845048436895,
        "p95": 0.07950666099786759,
        "p99": 0.09714876398444178,
        "max": 0.12350260466337204,
        "min": 0.0026473121251910925
      },
      "aux_acc_fused": {
        "mean": 57.220000000000006,
        "ci95": 1.2730618531611262
      },
      "aux_acc_sem": {
        "mean": 52.82,
        "ci95": 1.2427619132414822
      },
      "aux_OS_fused": {
        "mean": 0.5120000000000003,
        "ci95": 0.43936477322421597
      }
    },
    "3": {
      "row_cond_entropy": {
        "mean": 0.0002802875006643339,
        "p95": 0.0007755389873636879,
        "p99": 0.004232787648215887,
        "max": 0.07212409377098083,
        "min": 8.549164220994498e-08
      },
      "band_mass": {
        "mean": 0.9999426867890358,
        "p95": 0.9999998807907104,
        "p99": 1.0,
        "max": 1.0,
        "min": 0.9653894305229187
      },
      "content_l1_full_vs_pos": {
        "mean": 0.0001170094512635842,
        "p95": 0.00020109832912567068,
        "p99": 0.0014260995236691008,
        "max": 0.06922174990177155,
        "min": 3.365273187228013e-06
      },
      "cross_class_l1": {
        "mean": 0.00021932279613645278,
        "p95": 0.0005746971699409192,
        "p99": 0.004226727765053555,
        "max": 0.02769310586154461,
        "min": 5.851408104717848e-07
      },
      "cross_query_l1": {
        "mean": 0.00020177459707049366,
        "p95": 0.00048385918635176573,
        "p99": 0.003845478082075733,
        "max": 0.02800138108432293,
        "min": 2.7002622005056764e-07
      },
      "aux_acc_fused": {
        "mean": 56.86,
        "ci95": 1.2625505574130864
      },
      "aux_acc_sem": {
        "mean": 52.379999999999995,
        "ci95": 1.2388695528755576
      },
      "aux_OS_fused": {
        "mean": 0.11600000000000028,
        "ci95": 0.44937110794552204
      }
    }
  }
}
