[200/1000] C0=57.90 OS=0.00±0.00
[400/1000] C0=56.20 OS=0.00±0.00
[600/1000] C0=56.67 OS=0.00±0.00
[800/1000] C0=56.85 OS=0.00±0.00
[1000/1000] C0=57.24 OS=0.00±0.00
{
  "episodes": 1000,
  "fused": {
    "C0": {
      "mean": 57.24,
      "ci95": 1.2653525043330855
    },
    "C1": {
      "mean": 57.24,
      "ci95": 1.2653525043330855
    },
    "C3": {
      "mean": 57.199999999999996,
      "ci95": 1.2759106372639692
    },
    "C4": {
      "mean": 56.39999999999999,
      "ci95": 1.2705953265158763
    },
    "C2p0": {
      "mean": 57.24,
      "ci95": 1.2653525043330855
    },
    "C2p1": {
      "mean": 57.24,
      "ci95": 1.2653525043330855
    },
    "C2p2": {
      "mean": 57.24,
      "ci95": 1.2653525043330855
    },
    "C2p3": {
      "mean": 57.24,
      "ci95": 1.2653525043330855
    },
    "C2p4": {
      "mean": 57.24,
      "ci95": 1.2653525043330855
    }
  },
  "OS_C0_minus_C2mean": {
    "mean": 0.0,
    "ci95": 0.0
  },
  "delta_C0_minus_C1": {
    "mean": 0.0,
    "ci95": 0.0
  },
  "u1_sem_max_abs_diff_C0_vs_C2": {
    "max": 4.155933856964111e-05,
    "mean": 1.2944260612130165e-05,
    "p99": 3.8774311542510985e-05
  },
  "sanity_text_perturb_leaves_visual_unchanged": true,
  "ot_plan_stats": {
    "pi_entropy_norm": {
      "mean": 0.955595245013237,
      "p95": 0.992266845703125,
      "p99": 0.9962309795618057,
      "max": 0.9995334148406982,
      "min": 0.8104286193847656
    },
    "row_residual": {
      "mean": 2.3849278688430787e-06,
      "p95": 4.395842552185059e-06,
      "p99": 5.4836273193359375e-06,
      "max": 7.733702659606934e-06,
      "min": 3.2782554626464844e-07
    },
    "col_residual": {
      "mean": 1.423739194869995e-06,
      "p95": 4.380941390991211e-06,
      "p99": 5.513429641723633e-06,
      "max": 0.0006923079490661621,
      "min": 0.0
    },
    "stage_mass_min": {
      "mean": 0.33333360278606416,
      "p95": 0.33333468437194824,
      "p99": 0.3333350718021393,
      "max": 0.33333590626716614,
      "min": 0.3329892158508301
    },
    "total_mass": {
      "mean": 1.0000012728118897,
      "p95": 1.0000044107437134,
      "p99": 1.0000054836273193,
      "max": 1.0000077486038208,
      "min": 0.999998927116394
    }
  }
}
