[probe 200/1000] λ0:H=0.993/band=0.336/cL1=0.092 λ0.1:H=0.890/band=0.491/cL1=0.079 λ0.3:H=0.623/band=0.674/cL1=0.051 λ1:H=0.259/band=0.871/cL1=0.012 λ3:H=0.166/band=0.905/cL1=0.003
[probe 400/1000] λ0:H=0.993/band=0.336/cL1=0.092 λ0.1:H=0.890/band=0.491/cL1=0.079 λ0.3:H=0.623/band=0.674/cL1=0.051 λ1:H=0.259/band=0.871/cL1=0.012 λ3:H=0.166/band=0.905/cL1=0.003
[probe 600/1000] λ0:H=0.993/band=0.336/cL1=0.093 λ0.1:H=0.889/band=0.491/cL1=0.079 λ0.3:H=0.623/band=0.674/cL1=0.051 λ1:H=0.259/band=0.871/cL1=0.012 λ3:H=0.166/band=0.905/cL1=0.003
[probe 800/1000] λ0:H=0.993/band=0.336/cL1=0.093 λ0.1:H=0.890/band=0.491/cL1=0.079 λ0.3:H=0.623/band=0.674/cL1=0.051 λ1:H=0.259/band=0.871/cL1=0.012 λ3:H=0.166/band=0.905/cL1=0.003
[probe 1000/1000] λ0:H=0.993/band=0.336/cL1=0.093 λ0.1:H=0.890/band=0.491/cL1=0.080 λ0.3:H=0.623/band=0.674/cL1=0.052 λ1:H=0.260/band=0.871/cL1=0.012 λ3:H=0.166/band=0.905/cL1=0.003
{
  "mode": "ot_probe",
  "episodes": 1000,
  "wall_time_s": 642.4220499992371,
  "ot_eps": 0.05,
  "ot_rho": null,
  "ot_iters": 30,
  "ot_weight": "mass",
  "frame_source": "ca",
  "lambdas": [
    0.0,
    0.1,
    0.3,
    1.0,
    3.0
  ],
  "per_lambda": {
    "0": {
      "row_cond_entropy": {
        "mean": 0.9927571667957306,
        "p95": 0.9991052210330963,
        "p99": 0.9995898133516312,
        "max": 0.9999480247497559,
        "min": 0.9030750393867493
      },
      "band_mass": {
        "mean": 0.3356273046320677,
        "p95": 0.3738063782453537,
        "p99": 0.39694912314414976,
        "max": 0.4502300024032593,
        "min": 0.21311715245246887
      },
      "content_l1_full_vs_pos": {
        "mean": 0.0932129374243319,
        "p95": 0.17472008988261217,
        "p99": 0.2197580917179578,
        "max": 0.4072437882423401,
        "min": 0.009187351912260056
      },
      "cross_class_l1": {
        "mean": 0.12593411441110075,
        "p95": 0.1867024064064026,
        "p99": 0.21943420901894578,
        "max": 0.3568061292171478,
        "min": 0.02697160840034485
      },
      "cross_query_l1": {
        "mean": 0.13087852441594006,
        "p95": 0.20367615818977358,
        "p99": 0.2338147538900376,
        "max": 0.2868678569793701,
        "min": 0.036892082542181015
      },
      "aux_acc_fused": {
        "mean": 56.45999999999999,
        "ci95": 1.2387652580714783
      },
      "aux_acc_sem": {
        "mean": 52.040000000000006,
        "ci95": 1.2174267408692871
      },
      "aux_OS_fused": {
        "mean": 0.0,
        "ci95": 0.0
      }
    },
    "0.1": {
      "row_cond_entropy": {
        "mean": 0.8895170194673538,
        "p95": 0.9170038402080536,
        "p99": 0.9313215100765228,
        "max": 0.9653365612030029,
        "min": 0.7796498537063599
      },
      "band_mass": {
        "mean": 0.4907750816214085,
        "p95": 0.5274525314569474,
        "p99": 0.5478173172473907,
        "max": 0.6134251952171326,
        "min": 0.3267739415168762
      },
      "content_l1_full_vs_pos": {
        "mean": 0.07979245060894638,
        "p95": 0.1500739462673664,
        "p99": 0.19128288328647566,
        "max": 0.4401325583457947,
        "min": 0.008290015161037445
      },
      "cross_class_l1": {
        "mean": 0.1081615263827145,
        "p95": 0.16064873933792115,
        "p99": 0.1923947143554689,
        "max": 0.3087097704410553,
        "min": 0.023691326379776
      },
      "cross_query_l1": {
        "mean": 0.11257334881871939,
        "p95": 0.17699488401412966,
        "p99": 0.20555645957589155,
        "max": 0.264333575963974,
        "min": 0.03137163445353508
      },
      "aux_acc_fused": {
        "mean": 56.52,
        "ci95": 1.2338216693886204
      },
      "aux_acc_sem": {
        "mean": 52.1,
        "ci95": 1.217034385643647
      },
      "aux_OS_fused": {
        "mean": -0.01999999999999985,
        "ci95": 0.25645378458750284
      }
    },
    "0.3": {
      "row_cond_entropy": {
        "mean": 0.6234210128688812,
        "p95": 0.6514900624752045,
        "p99": 0.6667149055004119,
        "max": 0.7110732197761536,
        "min": 0.5127107501029968
      },
      "band_mass": {
        "mean": 0.6735344553017616,
        "p95": 0.7005980998277663,
        "p99": 0.7167331063747405,
        "max": 0.7730882167816162,
        "min": 0.536834716796875
      },
      "content_l1_full_vs_pos": {
        "mean": 0.05166541944338009,
        "p95": 0.1014997974038124,
        "p99": 0.13407278269529302,
        "max": 0.32958728075027466,
        "min": 0.005005639977753162
      },
      "cross_class_l1": {
        "mean": 0.07049966993872077,
        "p95": 0.10848837792873384,
        "p99": 0.1281993246078491,
        "max": 0.2062782347202301,
        "min": 0.01551163848489523
      },
      "cross_query_l1": {
        "mean": 0.07330200719088316,
        "p95": 0.1203664854168892,
        "p99": 0.14195670992136003,
        "max": 0.1858920305967331,
        "min": 0.020340071991086006
      },
      "aux_acc_fused": {
        "mean": 56.699999999999996,
        "ci95": 1.236344144102595
      },
      "aux_acc_sem": {
        "mean": 52.300000000000004,
        "ci95": 1.1990820094184764
      },
      "aux_OS_fused": {
        "mean": 0.27600000000000013,
        "ci95": 0.34479087219556226
      }
    },
    "1": {
      "row_cond_entropy": {
        "mean": 0.2595470174306631,
        "p95": 0.2731177985668182,
        "p99": 0.28265078812837596,
        "max": 0.3307303190231323,
        "min": 0.2165704369544983
      },
      "band_mass": {
        "mean": 0.8706358801436425,
        "p95": 0.8777131497859955,
        "p99": 0.8814281558990479,
        "max": 0.8927633762359619,
        "min": 0.8340638279914856
      },
      "content_l1_full_vs_pos": {
        "mean": 0.01170111419491237,
        "p95": 0.025597643107175827,
        "p99": 0.036816971525549864,
        "max": 0.08479918539524078,
        "min": 0.00044778420124202967
      },
      "cross_class_l1": {
        "mean": 0.01605575179401785,
        "p95": 0.027163194399327042,
        "p99": 0.033979412727057935,
        "max": 0.05296219512820244,
        "min": 0.0033254139125347137
      },
      "cross_query_l1": {
        "mean": 0.016690712378453463,
        "p95": 0.02902606651186944,
        "p99": 0.03633284993469715,
        "max": 0.05526062473654747,
        "min": 0.003546269377693534
      },
      "aux_acc_fused": {
        "mean": 56.699999999999996,
        "ci95": 1.2400707933647757
      },
      "aux_acc_sem": {
        "mean": 52.5,
        "ci95": 1.1949701614481907
      },
      "aux_OS_fused": {
        "mean": 0.4680000000000002,
        "ci95": 0.41142926559902826
      }
    },
    "3": {
      "row_cond_entropy": {
        "mean": 0.16578063666701318,
        "p95": 0.16588324308395386,
        "p99": 0.16594714060425758,
        "max": 0.1663607656955719,
        "min": 0.1645732969045639
      },
      "band_mass": {
        "mean": 0.9048040968632698,
        "p95": 0.9048715829849243,
        "p99": 0.904977560043335,
        "max": 0.9054467678070068,
        "min": 0.904626190662384
      },
      "content_l1_full_vs_pos": {
        "mean": 0.003043524132228522,
        "p95": 0.007787660742178559,
        "p99": 0.011893961690366259,
        "max": 0.02160666137933731,
        "min": 8.789110324869398e-06
      },
      "cross_class_l1": {
        "mean": 0.0041861716314830115,
        "p95": 0.007367885857820511,
        "p99": 0.009189367033541205,
        "max": 0.015089419670403004,
        "min": 0.00018812874623108655
      },
      "cross_query_l1": {
        "mean": 0.0036418948984239252,
        "p95": 0.007097454555332663,
        "p99": 0.009485550578683638,
        "max": 0.01399983186274767,
        "min": 0.00036432777415029705
      },
      "aux_acc_fused": {
        "mean": 56.68,
        "ci95": 1.2441998657127848
      },
      "aux_acc_sem": {
        "mean": 52.6,
        "ci95": 1.1954366670584071
      },
      "aux_OS_fused": {
        "mean": 0.4880000000000002,
        "ci95": 0.41897205106568963
      }
    }
  }
}
