[200/1000] C0=57.70 OS=-0.02±0.43
[400/1000] C0=56.05 OS=0.20±0.34
[600/1000] C0=56.50 OS=0.27±0.28
[800/1000] C0=56.45 OS=0.25±0.23
[1000/1000] C0=57.12 OS=0.20±0.20
{
  "episodes": 1000,
  "fused": {
    "C0": {
      "mean": 57.11999999999999,
      "ci95": 1.25209904775612
    },
    "C1": {
      "mean": 56.86,
      "ci95": 1.2613317036863219
    },
    "C3": {
      "mean": 56.98,
      "ci95": 1.2575751040529888
    },
    "C4": {
      "mean": 56.14,
      "ci95": 1.265835600279003
    },
    "C2p0": {
      "mean": 56.98,
      "ci95": 1.2624579658480934
    },
    "C2p1": {
      "mean": 57.02,
      "ci95": 1.2603850609728569
    },
    "C2p2": {
      "mean": 56.84,
      "ci95": 1.2556393047189802
    },
    "C2p3": {
      "mean": 56.92,
      "ci95": 1.2564034540601494
    },
    "C2p4": {
      "mean": 56.86,
      "ci95": 1.2613317036863219
    }
  },
  "OS_C0_minus_C2mean": {
    "mean": 0.19600000000000012,
    "ci95": 0.19697085818188242
  },
  "delta_C0_minus_C1": {
    "mean": 0.25999999999999995,
    "ci95": 0.2956568813456473
  },
  "u1_sem_max_abs_diff_C0_vs_C2": {
    "max": 0.007405519485473633,
    "mean": 0.003686679940670729,
    "p99": 0.006704067885875701
  },
  "sanity_text_perturb_leaves_visual_unchanged": true,
  "ot_plan_stats": {
    "pi_entropy_norm": {
      "mean": 0.9878257517719269,
      "p95": 0.9912485331296921,
      "p99": 0.9929333454370499,
      "max": 0.9963237047195435,
      "min": 0.9698128700256348
    },
    "row_residual": {
      "mean": 2.5555551052093507e-07,
      "p95": 4.470348358154297e-07,
      "p99": 6.854534149169922e-07,
      "max": 1.1175870895385742e-06,
      "min": 4.470348358154297e-08
    },
    "col_residual": {
      "mean": 1.2355685234069824e-07,
      "p95": 4.172325134277344e-07,
      "p99": 6.854534149169922e-07,
      "max": 1.1324882507324219e-06,
      "min": 0.0
    },
    "stage_mass_min": {
      "mean": 0.33333328563928605,
      "p95": 0.3333333432674408,
      "p99": 0.3333333432674408,
      "max": 0.33333343267440796,
      "min": 0.33333295583724976
    },
    "total_mass": {
      "mean": 0.999999938621521,
      "p95": 1.0,
      "p99": 1.0000001192092896,
      "max": 1.0000003576278687,
      "min": 0.999998927116394
    }
  }
}
