[robust normal] Acc=56.92 repeat_frac=0.000
[robust   head] Acc=56.60 repeat_frac=0.000
[robust   tail] Acc=56.90 repeat_frac=0.000
[robust shrink] Acc=56.96 repeat_frac=0.000
{
  "mode": "robust_eval",
  "episodes": 1000,
  "seed": 916,
  "ot": {
    "align_mode": "ot",
    "eps": 0.1,
    "lam": 0.3,
    "rho": 10.0
  },
  "windows": {
    "normal": {
      "acc": 56.92,
      "ci95": 1.2539756539505462,
      "dAcc_mean": 0.0,
      "dAcc_ci95": 0.0,
      "repeat_frac": 0.0
    },
    "head": {
      "acc": 56.599999999999994,
      "ci95": 1.3143545609583103,
      "dAcc_mean": -0.32,
      "dAcc_ci95": 0.8016013378636944,
      "repeat_frac": 0.0004166666666666667
    },
    "tail": {
      "acc": 56.89999999999999,
      "ci95": 1.3037056540616951,
      "dAcc_mean": -0.019999999999999928,
      "dAcc_ci95": 0.8565684168896334,
      "repeat_frac": 0.0004166666666666667
    },
    "shrink": {
      "acc": 56.96,
      "ci95": 1.3095452256940723,
      "dAcc_mean": 0.039999999999999994,
      "dAcc_ci95": 0.7645270139079424,
      "repeat_frac": 0.0004166666666666667
    }
  }
}
