[200/10000] C0=57.80 OS=0.20±0.85
[400/10000] C0=56.65 OS=0.55±0.62
[600/10000] C0=56.67 OS=0.41±0.53
[800/10000] C0=56.40 OS=0.41±0.45
[1000/10000] C0=57.12 OS=0.43±0.41
[1200/10000] C0=57.13 OS=0.38±0.38
[1400/10000] C0=56.89 OS=0.31±0.34
[1600/10000] C0=57.04 OS=0.30±0.32
[1800/10000] C0=57.10 OS=0.36±0.30
[2000/10000] C0=57.09 OS=0.41±0.29
[2200/10000] C0=56.76 OS=0.37±0.27
[2400/10000] C0=56.73 OS=0.35±0.26
[2600/10000] C0=56.82 OS=0.31±0.25
[2800/10000] C0=56.94 OS=0.36±0.24
[3000/10000] C0=56.83 OS=0.38±0.23
[3200/10000] C0=56.76 OS=0.40±0.23
[3400/10000] C0=56.88 OS=0.38±0.22
[3600/10000] C0=56.91 OS=0.34±0.21
[3800/10000] C0=57.05 OS=0.35±0.21
[4000/10000] C0=57.04 OS=0.37±0.20
[4200/10000] C0=57.14 OS=0.39±0.20
[4400/10000] C0=57.08 OS=0.40±0.19
[4600/10000] C0=57.16 OS=0.36±0.19
[4800/10000] C0=57.15 OS=0.35±0.18
[5000/10000] C0=57.08 OS=0.38±0.18
[5200/10000] C0=57.19 OS=0.37±0.18
[5400/10000] C0=57.19 OS=0.35±0.17
[5600/10000] C0=57.13 OS=0.31±0.17
[5800/10000] C0=57.12 OS=0.30±0.17
[6000/10000] C0=57.13 OS=0.28±0.17
[6200/10000] C0=57.12 OS=0.29±0.16
[6400/10000] C0=57.07 OS=0.30±0.16
[6600/10000] C0=56.98 OS=0.27±0.16
[6800/10000] C0=56.96 OS=0.26±0.15
[7000/10000] C0=56.97 OS=0.27±0.15
[7200/10000] C0=56.92 OS=0.26±0.15
[7400/10000] C0=56.89 OS=0.25±0.15
[7600/10000] C0=56.87 OS=0.23±0.15
[7800/10000] C0=56.89 OS=0.21±0.14
[8000/10000] C0=56.87 OS=0.20±0.14
[8200/10000] C0=56.89 OS=0.20±0.14
[8400/10000] C0=56.83 OS=0.19±0.14
[8600/10000] C0=56.89 OS=0.20±0.14
[8800/10000] C0=56.87 OS=0.19±0.14
[9000/10000] C0=56.86 OS=0.19±0.13
[9200/10000] C0=56.81 OS=0.20±0.13
[9400/10000] C0=56.79 OS=0.20±0.13
[9600/10000] C0=56.84 OS=0.21±0.13
[9800/10000] C0=56.80 OS=0.21±0.13
[10000/10000] C0=56.78 OS=0.21±0.13
{
  "episodes": 10000,
  "fused": {
    "C0": {
      "mean": 56.775999999999996,
      "ci95": 0.40131321465750514
    },
    "C1": {
      "mean": 56.458,
      "ci95": 0.4017956101273084
    },
    "C3": {
      "mean": 56.47,
      "ci95": 0.40401014361564136
    },
    "C4": {
      "mean": 55.66,
      "ci95": 0.3978319429667265
    },
    "C2p0": {
      "mean": 56.516,
      "ci95": 0.40189480418811596
    },
    "C2p1": {
      "mean": 56.84600000000001,
      "ci95": 0.40215785763578094
    },
    "C2p2": {
      "mean": 56.642,
      "ci95": 0.40400288607282053
    },
    "C2p3": {
      "mean": 56.372,
      "ci95": 0.40190239039674996
    },
    "C2p4": {
      "mean": 56.458,
      "ci95": 0.4017956101273084
    }
  },
  "OS_C0_minus_C2mean": {
    "mean": 0.2092000000000001,
    "ci95": 0.1266622258727286
  },
  "delta_C0_minus_C1": {
    "mean": 0.318,
    "ci95": 0.17374915973924596
  },
  "sanity_text_perturb_leaves_visual_unchanged": true
}
