[200/10000] C0=55.10 OS=0.10±1.73
[400/10000] C0=55.00 OS=1.03±1.19
[600/10000] C0=55.37 OS=1.29±0.96
[800/10000] C0=54.65 OS=0.96±0.82
[1000/10000] C0=55.26 OS=1.01±0.74
[1200/10000] C0=55.27 OS=1.01±0.67
[1400/10000] C0=54.70 OS=0.76±0.61
[1600/10000] C0=55.12 OS=1.14±0.57
[1800/10000] C0=55.11 OS=1.06±0.54
[2000/10000] C0=55.07 OS=1.04±0.51
[2200/10000] C0=54.98 OS=1.10±0.48
[2400/10000] C0=54.88 OS=1.02±0.46
[2600/10000] C0=54.95 OS=0.94±0.44
[2800/10000] C0=54.96 OS=0.87±0.42
[3000/10000] C0=54.88 OS=0.86±0.41
[3200/10000] C0=54.87 OS=0.92±0.40
[3400/10000] C0=55.01 OS=0.94±0.38
[3600/10000] C0=55.07 OS=0.96±0.38
[3800/10000] C0=55.12 OS=0.95±0.37
[4000/10000] C0=55.14 OS=0.97±0.36
[4200/10000] C0=55.20 OS=0.98±0.35
[4400/10000] C0=55.13 OS=1.01±0.34
[4600/10000] C0=55.22 OS=1.01±0.34
[4800/10000] C0=55.25 OS=1.04±0.33
[5000/10000] C0=55.19 OS=1.02±0.32
[5200/10000] C0=55.30 OS=1.00±0.31
[5400/10000] C0=55.33 OS=1.00±0.31
[5600/10000] C0=55.31 OS=1.00±0.30
[5800/10000] C0=55.30 OS=0.94±0.30
[6000/10000] C0=55.36 OS=0.95±0.29
[6200/10000] C0=55.35 OS=0.95±0.29
[6400/10000] C0=55.33 OS=0.97±0.28
[6600/10000] C0=55.25 OS=0.92±0.28
[6800/10000] C0=55.22 OS=0.91±0.27
[7000/10000] C0=55.27 OS=0.93±0.27
[7200/10000] C0=55.28 OS=0.92±0.27
[7400/10000] C0=55.25 OS=0.91±0.26
[7600/10000] C0=55.24 OS=0.89±0.26
[7800/10000] C0=55.27 OS=0.89±0.26
[8000/10000] C0=55.22 OS=0.86±0.25
[8200/10000] C0=55.22 OS=0.83±0.25
[8400/10000] C0=55.16 OS=0.82±0.25
[8600/10000] C0=55.23 OS=0.85±0.24
[8800/10000] C0=55.24 OS=0.85±0.24
[9000/10000] C0=55.20 OS=0.85±0.24
[9200/10000] C0=55.13 OS=0.83±0.24
[9400/10000] C0=55.12 OS=0.83±0.23
[9600/10000] C0=55.18 OS=0.84±0.23
[9800/10000] C0=55.15 OS=0.83±0.23
[10000/10000] C0=55.13 OS=0.82±0.23
{
  "episodes": 10000,
  "fused": {
    "C0": {
      "mean": 55.132000000000005,
      "ci95": 0.40034359760226446
    },
    "C1": {
      "mean": 53.05200000000001,
      "ci95": 0.39093547981571286
    },
    "C3": {
      "mean": 54.81799999999999,
      "ci95": 0.40122755045801006
    },
    "C4": {
      "mean": 54.28400000000001,
      "ci95": 0.39833520752725443
    },
    "C2p0": {
      "mean": 55.25600000000001,
      "ci95": 0.39995566278986305
    },
    "C2p1": {
      "mean": 55.07200000000001,
      "ci95": 0.396976584263437
    },
    "C2p2": {
      "mean": 54.157999999999994,
      "ci95": 0.39450893524769814
    },
    "C2p3": {
      "mean": 54.038,
      "ci95": 0.3899757757815033
    },
    "C2p4": {
      "mean": 53.05200000000001,
      "ci95": 0.39093547981571286
    }
  },
  "OS_C0_minus_C2mean": {
    "mean": 0.8168000000000006,
    "ci95": 0.22698164229950205
  },
  "delta_C0_minus_C1": {
    "mean": 2.08,
    "ci95": 0.33193613633306424
  },
  "sanity_text_perturb_leaves_visual_unchanged": true
}
