[200/1000] C0=57.60 OS=0.52±0.72
[400/1000] C0=56.65 OS=0.34±0.49
[600/1000] C0=56.77 OS=0.42±0.41
[800/1000] C0=56.95 OS=0.44±0.36
[1000/1000] C0=57.36 OS=0.30±0.31
{
  "episodes": 1000,
  "fused": {
    "C0": {
      "mean": 57.36,
      "ci95": 1.2892080282065197
    },
    "C1": {
      "mean": 56.76,
      "ci95": 1.2779318802426465
    },
    "C3": {
      "mean": 56.89999999999999,
      "ci95": 1.2894460246673618
    },
    "C4": {
      "mean": 56.45999999999999,
      "ci95": 1.2754711535744552
    },
    "C2p0": {
      "mean": 57.26,
      "ci95": 1.2854174256339268
    },
    "C2p1": {
      "mean": 57.359999999999985,
      "ci95": 1.2796278340178837
    },
    "C2p2": {
      "mean": 57.15999999999999,
      "ci95": 1.2863773332002881
    },
    "C2p3": {
      "mean": 56.75999999999999,
      "ci95": 1.2863295043026461
    },
    "C2p4": {
      "mean": 56.76,
      "ci95": 1.2779318802426465
    }
  },
  "OS_C0_minus_C2mean": {
    "mean": 0.30000000000000027,
    "ci95": 0.3140818874403699
  },
  "delta_C0_minus_C1": {
    "mean": 0.6,
    "ci95": 0.4977864982131725
  },
  "u1_sem_max_abs_diff_C0_vs_C2": {
    "max": 0.020701780915260315,
    "mean": 0.009230849254876375,
    "p99": 0.01737735778093338
  },
  "sanity_text_perturb_leaves_visual_unchanged": true,
  "ot_plan_stats": {
    "pi_entropy_norm": {
      "mean": 0.9325537692332267,
      "p95": 0.9379990696907043,
      "p99": 0.9411712598800659,
      "max": 0.9519736170768738,
      "min": 0.9133179783821106
    },
    "row_residual": {
      "mean": 2.5154292583465574e-07,
      "p95": 4.023313522338867e-07,
      "p99": 6.705522537231445e-07,
      "max": 1.1026859283447266e-06,
      "min": 4.470348358154297e-08
    },
    "col_residual": {
      "mean": 1.1384129524230957e-07,
      "p95": 2.682209014892578e-07,
      "p99": 6.556510925292969e-07,
      "max": 1.1324882507324219e-06,
      "min": 0.0
    },
    "stage_mass_min": {
      "mean": 0.33333328750014307,
      "p95": 0.3333333432674408,
      "p99": 0.3333333432674408,
      "max": 0.3333333730697632,
      "min": 0.33333292603492737
    },
    "total_mass": {
      "mean": 0.9999999465322494,
      "p95": 1.0,
      "p99": 1.0000001192092896,
      "max": 1.000000238418579,
      "min": 0.999998927116394
    }
  }
}
