[200/10000] C0=57.20 OS=0.10±0.95
[400/10000] C0=56.55 OS=0.66±0.67
[600/10000] C0=56.83 OS=0.68±0.57
[800/10000] C0=56.50 OS=0.60±0.48
[1000/10000] C0=56.90 OS=0.48±0.41
[1200/10000] C0=56.82 OS=0.54±0.38
[1400/10000] C0=56.61 OS=0.49±0.35
[1600/10000] C0=56.81 OS=0.51±0.32
[1800/10000] C0=56.78 OS=0.53±0.30
[2000/10000] C0=56.80 OS=0.53±0.29
[2200/10000] C0=56.64 OS=0.56±0.28
[2400/10000] C0=56.54 OS=0.51±0.26
[2600/10000] C0=56.65 OS=0.48±0.25
[2800/10000] C0=56.72 OS=0.50±0.24
[3000/10000] C0=56.59 OS=0.47±0.23
[3200/10000] C0=56.60 OS=0.52±0.23
[3400/10000] C0=56.71 OS=0.50±0.22
[3600/10000] C0=56.73 OS=0.47±0.21
[3800/10000] C0=56.83 OS=0.48±0.20
[4000/10000] C0=56.88 OS=0.48±0.20
[4200/10000] C0=56.97 OS=0.48±0.19
[4400/10000] C0=56.88 OS=0.47±0.19
[4600/10000] C0=56.93 OS=0.43±0.19
[4800/10000] C0=56.97 OS=0.47±0.18
[5000/10000] C0=56.89 OS=0.47±0.18
[5200/10000] C0=57.00 OS=0.47±0.18
[5400/10000] C0=57.02 OS=0.48±0.17
[5600/10000] C0=56.99 OS=0.45±0.17
[5800/10000] C0=56.97 OS=0.43±0.17
[6000/10000] C0=56.98 OS=0.41±0.16
[6200/10000] C0=56.95 OS=0.41±0.16
[6400/10000] C0=56.90 OS=0.41±0.16
[6600/10000] C0=56.82 OS=0.40±0.15
[6800/10000] C0=56.79 OS=0.38±0.15
[7000/10000] C0=56.81 OS=0.39±0.15
[7200/10000] C0=56.78 OS=0.38±0.15
[7400/10000] C0=56.73 OS=0.35±0.15
[7600/10000] C0=56.73 OS=0.35±0.14
[7800/10000] C0=56.75 OS=0.33±0.14
[8000/10000] C0=56.72 OS=0.31±0.14
[8200/10000] C0=56.77 OS=0.31±0.14
[8400/10000] C0=56.71 OS=0.31±0.14
[8600/10000] C0=56.76 OS=0.31±0.14
[8800/10000] C0=56.78 OS=0.32±0.13
[9000/10000] C0=56.76 OS=0.33±0.13
[9200/10000] C0=56.70 OS=0.32±0.13
[9400/10000] C0=56.68 OS=0.33±0.13
[9600/10000] C0=56.73 OS=0.33±0.13
[9800/10000] C0=56.70 OS=0.33±0.13
[10000/10000] C0=56.69 OS=0.33±0.13
{
  "episodes": 10000,
  "fused": {
    "C0": {
      "mean": 56.687999999999995,
      "ci95": 0.4024149307970936
    },
    "C1": {
      "mean": 56.257999999999996,
      "ci95": 0.4017875782317414
    },
    "C3": {
      "mean": 56.209999999999994,
      "ci95": 0.4004267529783988
    },
    "C4": {
      "mean": 55.620000000000005,
      "ci95": 0.3963086364429471
    },
    "C2p0": {
      "mean": 56.257999999999996,
      "ci95": 0.4005617882575035
    },
    "C2p1": {
      "mean": 56.709999999999994,
      "ci95": 0.4027705147764306
    },
    "C2p2": {
      "mean": 56.324,
      "ci95": 0.4015434792698558
    },
    "C2p3": {
      "mean": 56.220000000000006,
      "ci95": 0.3999062558447817
    },
    "C2p4": {
      "mean": 56.257999999999996,
      "ci95": 0.4017875782317414
    }
  },
  "OS_C0_minus_C2mean": {
    "mean": 0.3340000000000002,
    "ci95": 0.1251036247990294
  },
  "delta_C0_minus_C1": {
    "mean": 0.43,
    "ci95": 0.17427486420713417
  },
  "sanity_text_perturb_leaves_visual_unchanged": true
}
