[200/1000] C0=57.70 OS=0.04±0.08
[400/1000] C0=55.75 OS=0.02±0.04
[600/1000] C0=56.10 OS=0.01±0.03
[800/1000] C0=55.85 OS=0.02±0.03
[1000/1000] C0=56.46 OS=0.02±0.02
{
  "episodes": 1000,
  "fused": {
    "C0": {
      "mean": 56.45999999999999,
      "ci95": 1.2387652580714783
    },
    "C1": {
      "mean": 56.43999999999999,
      "ci95": 1.2391656277790712
    },
    "C3": {
      "mean": 56.49999999999999,
      "ci95": 1.2527812572611596
    },
    "C4": {
      "mean": 55.879999999999995,
      "ci95": 1.2337219347928177
    },
    "C2p0": {
      "mean": 56.44,
      "ci95": 1.24164565785445
    },
    "C2p1": {
      "mean": 56.45999999999999,
      "ci95": 1.2387652580714783
    },
    "C2p2": {
      "mean": 56.43999999999999,
      "ci95": 1.2391656277790712
    },
    "C2p3": {
      "mean": 56.44,
      "ci95": 1.24164565785445
    },
    "C2p4": {
      "mean": 56.43999999999999,
      "ci95": 1.2391656277790712
    }
  },
  "OS_C0_minus_C2mean": {
    "mean": 0.015999999999999997,
    "ci95": 0.02216336008192059
  },
  "delta_C0_minus_C1": {
    "mean": 0.019999999999999997,
    "ci95": 0.03919927969080107
  },
  "u1_sem_max_abs_diff_C0_vs_C2": {
    "max": 3.466010093688965e-05,
    "mean": 1.3579361140727996e-05,
    "p99": 3.3006370067596435e-05
  },
  "sanity_text_perturb_leaves_visual_unchanged": true,
  "ot_plan_stats": {
    "pi_entropy_norm": {
      "mean": 0.9973863923192025,
      "p95": 0.9996771365404129,
      "p99": 0.9998520660400391,
      "max": 0.9999812245368958,
      "min": 0.9650247097015381
    },
    "row_residual": {
      "mean": 5.890905857086182e-07,
      "p95": 1.0579824447631836e-06,
      "p99": 1.3560056686401367e-06,
      "max": 1.9371509552001953e-06,
      "min": 8.940696716308594e-08
    },
    "col_residual": {
      "mean": 3.198850154876709e-07,
      "p95": 1.0728836059570312e-06,
      "p99": 1.3709068298339844e-06,
      "max": 1.996755599975586e-06,
      "min": 0.0
    },
    "stage_mass_min": {
      "mean": 0.33333338803052903,
      "p95": 0.33333367109298706,
      "p99": 0.3333337604999542,
      "max": 0.3333339989185333,
      "min": 0.33333316445350647
    },
    "total_mass": {
      "mean": 1.0000002489757538,
      "p95": 1.000001072883606,
      "p99": 1.0000014305114746,
      "max": 1.0000020265579224,
      "min": 0.9999997019767761
    }
  }
}
