[200/1000] C0=57.90 OS=0.84±0.93
[400/1000] C0=55.75 OS=0.44±0.66
[600/1000] C0=55.93 OS=0.31±0.54
[800/1000] C0=56.15 OS=0.54±0.48
[1000/1000] C0=56.90 OS=0.69±0.43
{
  "episodes": 1000,
  "fused": {
    "C0": {
      "mean": 56.89999999999999,
      "ci95": 1.2580495716521782
    },
    "C1": {
      "mean": 55.98,
      "ci95": 1.2808430870684764
    },
    "C3": {
      "mean": 55.900000000000006,
      "ci95": 1.279867611955089
    },
    "C4": {
      "mean": 55.279999999999994,
      "ci95": 1.2710213693740693
    },
    "C2p0": {
      "mean": 56.32,
      "ci95": 1.2709245539927012
    },
    "C2p1": {
      "mean": 56.68,
      "ci95": 1.301006049537397
    },
    "C2p2": {
      "mean": 56.25999999999999,
      "ci95": 1.2912674201313383
    },
    "C2p3": {
      "mean": 55.82,
      "ci95": 1.295600779899933
    },
    "C2p4": {
      "mean": 55.98,
      "ci95": 1.2808430870684764
    }
  },
  "OS_C0_minus_C2mean": {
    "mean": 0.6880000000000003,
    "ci95": 0.42576736555508876
  },
  "delta_C0_minus_C1": {
    "mean": 0.9199999999999999,
    "ci95": 0.5789059488145033
  },
  "u1_sem_max_abs_diff_C0_vs_C2": {
    "max": 0.04104261100292206,
    "mean": 0.016057756466791032,
    "p99": 0.030582328140735623
  },
  "sanity_text_perturb_leaves_visual_unchanged": true,
  "ot_plan_stats": {
    "pi_entropy_norm": {
      "mean": 0.7081817484211922,
      "p95": 0.709046196937561,
      "p99": 0.7096399718523025,
      "max": 0.7117990255355835,
      "min": 0.7053681015968323
    },
    "row_residual": {
      "mean": 4.2353272438049315e-07,
      "p95": 6.854534149169922e-07,
      "p99": 7.897615432739258e-07,
      "max": 1.0579824447631836e-06,
      "min": 5.960464477539063e-08
    },
    "col_residual": {
      "mean": 0.00032646453499794004,
      "p95": 0.0008316755294799803,
      "p99": 0.0011628028750419609,
      "max": 0.0019698739051818848,
      "min": 2.7418136596679688e-06
    },
    "stage_mass_min": {
      "mean": 0.33316995958924295,
      "p95": 0.33331993222236633,
      "p99": 0.333329439163208,
      "max": 0.3333323895931244,
      "min": 0.3323482573032379
    },
    "total_mass": {
      "mean": 0.9999997045397758,
      "p95": 1.0,
      "p99": 1.000000238418579,
      "max": 1.0000004768371582,
      "min": 0.9999990463256836
    }
  }
}
