[200/10000] C0=57.50 OS=0.34±0.97
[400/10000] C0=56.65 OS=0.73±0.67
[600/10000] C0=56.93 OS=0.68±0.56
[800/10000] C0=56.60 OS=0.58±0.47
[1000/10000] C0=56.94 OS=0.38±0.42
[1200/10000] C0=56.85 OS=0.37±0.39
[1400/10000] C0=56.64 OS=0.36±0.35
[1600/10000] C0=56.88 OS=0.41±0.33
[1800/10000] C0=56.83 OS=0.42±0.31
[2000/10000] C0=56.85 OS=0.42±0.29
[2200/10000] C0=56.65 OS=0.42±0.28
[2400/10000] C0=56.55 OS=0.37±0.26
[2600/10000] C0=56.67 OS=0.38±0.25
[2800/10000] C0=56.73 OS=0.38±0.24
[3000/10000] C0=56.61 OS=0.39±0.24
[3200/10000] C0=56.62 OS=0.45±0.23
[3400/10000] C0=56.74 OS=0.46±0.22
[3600/10000] C0=56.76 OS=0.42±0.21
[3800/10000] C0=56.86 OS=0.43±0.20
[4000/10000] C0=56.90 OS=0.43±0.20
[4200/10000] C0=56.98 OS=0.42±0.20
[4400/10000] C0=56.91 OS=0.42±0.19
[4600/10000] C0=56.99 OS=0.41±0.19
[4800/10000] C0=57.04 OS=0.46±0.18
[5000/10000] C0=56.97 OS=0.46±0.18
[5200/10000] C0=57.09 OS=0.47±0.17
[5400/10000] C0=57.11 OS=0.48±0.17
[5600/10000] C0=57.07 OS=0.46±0.17
[5800/10000] C0=57.08 OS=0.46±0.17
[6000/10000] C0=57.07 OS=0.43±0.16
[6200/10000] C0=57.05 OS=0.43±0.16
[6400/10000] C0=56.98 OS=0.41±0.16
[6600/10000] C0=56.89 OS=0.40±0.15
[6800/10000] C0=56.85 OS=0.37±0.15
[7000/10000] C0=56.88 OS=0.39±0.15
[7200/10000] C0=56.83 OS=0.36±0.15
[7400/10000] C0=56.79 OS=0.34±0.15
[7600/10000] C0=56.77 OS=0.33±0.14
[7800/10000] C0=56.81 OS=0.32±0.14
[8000/10000] C0=56.78 OS=0.30±0.14
[8200/10000] C0=56.81 OS=0.28±0.14
[8400/10000] C0=56.76 OS=0.28±0.14
[8600/10000] C0=56.80 OS=0.28±0.14
[8800/10000] C0=56.81 OS=0.28±0.13
[9000/10000] C0=56.80 OS=0.30±0.13
[9200/10000] C0=56.73 OS=0.30±0.13
[9400/10000] C0=56.71 OS=0.30±0.13
[9600/10000] C0=56.76 OS=0.31±0.13
[9800/10000] C0=56.74 OS=0.31±0.13
[10000/10000] C0=56.73 OS=0.32±0.13
{
  "episodes": 10000,
  "fused": {
    "C0": {
      "mean": 56.728,
      "ci95": 0.4023878928716038
    },
    "C1": {
      "mean": 56.323999999999984,
      "ci95": 0.4014669304638443
    },
    "C3": {
      "mean": 56.25399999999999,
      "ci95": 0.4017732581110384
    },
    "C4": {
      "mean": 55.616,
      "ci95": 0.39725990982658776
    },
    "C2p0": {
      "mean": 56.362,
      "ci95": 0.4010446603291062
    },
    "C2p1": {
      "mean": 56.757999999999996,
      "ci95": 0.40284373359161546
    },
    "C2p2": {
      "mean": 56.443999999999996,
      "ci95": 0.4021877480875397
    },
    "C2p3": {
      "mean": 56.157999999999994,
      "ci95": 0.40257165196897254
    },
    "C2p4": {
      "mean": 56.323999999999984,
      "ci95": 0.4014669304638443
    }
  },
  "OS_C0_minus_C2mean": {
    "mean": 0.3188000000000002,
    "ci95": 0.12501564639930288
  },
  "delta_C0_minus_C1": {
    "mean": 0.404,
    "ci95": 0.17381316939336705
  },
  "sanity_text_perturb_leaves_visual_unchanged": true
}
