[200/1000] C0=57.90 OS=0.00±0.00
[400/1000] C0=56.20 OS=0.00±0.00
[600/1000] C0=56.67 OS=0.00±0.00
[800/1000] C0=56.85 OS=0.00±0.00
[1000/1000] C0=57.24 OS=0.00±0.00
{
  "episodes": 1000,
  "fused": {
    "C0": {
      "mean": 57.24,
      "ci95": 1.2653525043330855
    },
    "C1": {
      "mean": 57.24,
      "ci95": 1.2653525043330855
    },
    "C3": {
      "mean": 57.199999999999996,
      "ci95": 1.2759106372639692
    },
    "C4": {
      "mean": 56.39999999999999,
      "ci95": 1.2705953265158763
    },
    "C2p0": {
      "mean": 57.24,
      "ci95": 1.2653525043330855
    },
    "C2p1": {
      "mean": 57.24,
      "ci95": 1.2653525043330855
    },
    "C2p2": {
      "mean": 57.24,
      "ci95": 1.2653525043330855
    },
    "C2p3": {
      "mean": 57.24,
      "ci95": 1.2653525043330855
    },
    "C2p4": {
      "mean": 57.24,
      "ci95": 1.2653525043330855
    }
  },
  "OS_C0_minus_C2mean": {
    "mean": 0.0,
    "ci95": 0.0
  },
  "delta_C0_minus_C1": {
    "mean": 0.0,
    "ci95": 0.0
  },
  "sanity_text_perturb_leaves_visual_unchanged": true
}
