[200/1000] C0=57.80 OS=0.00±0.00
[400/1000] C0=56.40 OS=0.00±0.00
[600/1000] C0=57.23 OS=0.00±0.00
[800/1000] C0=57.10 OS=0.00±0.00
[1000/1000] C0=57.56 OS=0.00±0.00
{
  "episodes": 1000,
  "fused": {
    "C0": {
      "mean": 57.55999999999999,
      "ci95": 1.252008140304045
    },
    "C1": {
      "mean": 57.55999999999999,
      "ci95": 1.252008140304045
    },
    "C3": {
      "mean": 57.599999999999994,
      "ci95": 1.2498465296453194
    },
    "C4": {
      "mean": 56.92,
      "ci95": 1.2102597395929657
    },
    "C2p0": {
      "mean": 57.55999999999999,
      "ci95": 1.252008140304045
    },
    "C2p1": {
      "mean": 57.55999999999999,
      "ci95": 1.252008140304045
    },
    "C2p2": {
      "mean": 57.55999999999999,
      "ci95": 1.252008140304045
    },
    "C2p3": {
      "mean": 57.55999999999999,
      "ci95": 1.252008140304045
    },
    "C2p4": {
      "mean": 57.55999999999999,
      "ci95": 1.252008140304045
    }
  },
  "OS_C0_minus_C2mean": {
    "mean": 0.0,
    "ci95": 0.0
  },
  "delta_C0_minus_C1": {
    "mean": 0.0,
    "ci95": 0.0
  },
  "u1_sem_max_abs_diff_C0_vs_C2": {
    "max": 3.30805778503418e-05,
    "mean": 1.309174858033657e-05,
    "p99": 3.051891922950745e-05
  },
  "sanity_text_perturb_leaves_visual_unchanged": true,
  "ot_plan_stats": {
    "pi_entropy_norm": {
      "mean": 0.9993387755441666,
      "p95": 0.9999191164970398,
      "p99": 0.9999628096818924,
      "max": 0.9999930262565613,
      "min": 0.9911796450614929
    },
    "row_residual": {
      "mean": 2.575737237930298e-07,
      "p95": 4.172325134277344e-07,
      "p99": 6.407499313354492e-07,
      "max": 1.0728836059570312e-06,
      "min": 4.470348358154297e-08
    },
    "col_residual": {
      "mean": 1.1118173599243165e-07,
      "p95": 2.980232238769531e-07,
      "p99": 6.258487701416016e-07,
      "max": 1.0728836059570312e-06,
      "min": 0.0
    },
    "stage_mass_min": {
      "mean": 0.33333329122185706,
      "p95": 0.3333333432674408,
      "p99": 0.3333333432674408,
      "max": 0.33333340287208557,
      "min": 0.33333295583724976
    },
    "total_mass": {
      "mean": 0.9999999514484406,
      "p95": 1.0,
      "p99": 1.0000001192092896,
      "max": 1.000000238418579,
      "min": 0.9999989867210388
    }
  }
}
