[200/1000] C0=58.10 OS=0.04±0.08
[400/1000] C0=55.75 OS=0.02±0.04
[600/1000] C0=56.10 OS=0.01±0.03
[800/1000] C0=56.10 OS=0.01±0.02
[1000/1000] C0=56.68 OS=0.01±0.02
{
  "episodes": 1000,
  "fused": {
    "C0": {
      "mean": 56.68,
      "ci95": 1.2429630173661066
    },
    "C1": {
      "mean": 56.65999999999999,
      "ci95": 1.2433756430300367
    },
    "C3": {
      "mean": 56.66,
      "ci95": 1.2544597161244573
    },
    "C4": {
      "mean": 56.16,
      "ci95": 1.2409145643926884
    },
    "C2p0": {
      "mean": 56.68,
      "ci95": 1.2429630173661066
    },
    "C2p1": {
      "mean": 56.68,
      "ci95": 1.2429630173661066
    },
    "C2p2": {
      "mean": 56.65999999999999,
      "ci95": 1.2433756430300367
    },
    "C2p3": {
      "mean": 56.68,
      "ci95": 1.2429630173661066
    },
    "C2p4": {
      "mean": 56.65999999999999,
      "ci95": 1.2433756430300367
    }
  },
  "OS_C0_minus_C2mean": {
    "mean": 0.007999999999999997,
    "ci95": 0.015679711876320425
  },
  "delta_C0_minus_C1": {
    "mean": 0.019999999999999997,
    "ci95": 0.03919927969080107
  },
  "sanity_text_perturb_leaves_visual_unchanged": true
}
