==== M9 CHAIN START 2026-09-08T11:59:37Z ====
Tue Sep  8 11:59:37 2026       
+-----------------------------------------------------------------------------------------+
| NVIDIA-SMI 580.119.02             Driver Version: 580.119.02     CUDA Version: 13.0     |
+-----------------------------------------+------------------------+----------------------+
| GPU  Name                 Persistence-M | Bus-Id          Disp.A | Volatile Uncorr. ECC |
| Fan  Temp   Perf          Pwr:Usage/Cap |           Memory-Usage | GPU-Util  Compute M. |
|                                         |                        |               MIG M. |
|=========================================+========================+======================|
|   0  NVIDIA GeForce RTX 3090        On  |   00000000:E1:00.0 Off |                  N/A |
| 30%   23C    P8             20W /  350W |       0MiB /  24576MiB |      0%      Default |
|                                         |                        |                  N/A |
+-----------------------------------------+------------------------+----------------------+

+-----------------------------------------------------------------------------------------+
| Processes:                                                                              |
|  GPU   GI   CI              PID   Type   Process name                        GPU Memory |
|        ID   ID                                                               Usage      |
|=========================================================================================|
|  No running processes found                                                             |
+-----------------------------------------------------------------------------------------+
==== TRAIN seed917 START 2026-09-08T11:59:37Z ====
lr= 0.001
Epoch 0 | Loss 1.174052 Acc = 52.74% +- 1.37% | Wait...
Epoch 1 | Loss 0.877241 Acc = 66.20% +- 1.27% | Wait...
Epoch 2 | Loss 0.723318 Acc = 72.12% +- 1.22% | Wait...
Epoch 3 | Loss 0.639895 Acc = 76.38% +- 1.17% | Wait...
Epoch 4 | Loss 0.527252 Acc = 79.38% +- 1.09% | Wait...
Epoch 5 | Loss 0.479020 Acc = 81.94% +- 1.04% | Wait...
Epoch 6 | Loss 0.403769 Acc = 85.26% +- 0.98% | Wait...
Epoch 7 | Loss 0.375419 Acc = 86.42% +- 0.94% | Wait...
Epoch 8 | Loss 0.328549 Acc = 88.16% +- 0.90% | Wait...
Epoch 9 | Loss 0.309922 Acc = 88.58% +- 0.89% | 1000 Val Acc = 60.20% +- 1.35%
best model! save...
total tasks:1000	acc_mean:60.46	acc_std:1.2777462335847443
1000 Test Acc = 60.46% +- 1.28%
==== TRAIN seed917 END 2026-09-08T14:17:47Z ====
LINKED /root/rivermind-data/ta-pp/workspace_M9_seed917_lam03/taskadapter/checkpoints/somethingcmn/5way_1shot_aug/2026-09-08_11-59-51/60.2.tar -> dataset/checkpoints/I1C_lam03_seed917_best.tar val= 60.2
==== DIAG config_M9_row1_B0 START 2026-09-08T14:17:47Z ====
[200/10000] C0=57.80 OS=0.20±0.85
[400/10000] C0=56.65 OS=0.55±0.62
[600/10000] C0=56.67 OS=0.41±0.53
[800/10000] C0=56.40 OS=0.41±0.45
[1000/10000] C0=57.12 OS=0.43±0.41
[1200/10000] C0=57.13 OS=0.38±0.38
[1400/10000] C0=56.89 OS=0.31±0.34
[1600/10000] C0=57.04 OS=0.30±0.32
[1800/10000] C0=57.10 OS=0.36±0.30
[2000/10000] C0=57.09 OS=0.41±0.29
[2200/10000] C0=56.76 OS=0.37±0.27
[2400/10000] C0=56.73 OS=0.35±0.26
[2600/10000] C0=56.82 OS=0.31±0.25
[2800/10000] C0=56.94 OS=0.36±0.24
[3000/10000] C0=56.83 OS=0.38±0.23
[3200/10000] C0=56.76 OS=0.40±0.23
[3400/10000] C0=56.88 OS=0.38±0.22
[3600/10000] C0=56.91 OS=0.34±0.21
[3800/10000] C0=57.05 OS=0.35±0.21
[4000/10000] C0=57.04 OS=0.37±0.20
[4200/10000] C0=57.14 OS=0.39±0.20
[4400/10000] C0=57.08 OS=0.40±0.19
[4600/10000] C0=57.16 OS=0.36±0.19
[4800/10000] C0=57.15 OS=0.35±0.18
[5000/10000] C0=57.08 OS=0.38±0.18
[5200/10000] C0=57.19 OS=0.37±0.18
[5400/10000] C0=57.19 OS=0.35±0.17
[5600/10000] C0=57.13 OS=0.31±0.17
[5800/10000] C0=57.12 OS=0.30±0.17
[6000/10000] C0=57.13 OS=0.28±0.17
[6200/10000] C0=57.12 OS=0.29±0.16
[6400/10000] C0=57.07 OS=0.30±0.16
[6600/10000] C0=56.98 OS=0.27±0.16
[6800/10000] C0=56.96 OS=0.26±0.15
[7000/10000] C0=56.97 OS=0.27±0.15
[7200/10000] C0=56.92 OS=0.26±0.15
[7400/10000] C0=56.89 OS=0.25±0.15
[7600/10000] C0=56.87 OS=0.23±0.15
[7800/10000] C0=56.89 OS=0.21±0.14
[8000/10000] C0=56.87 OS=0.20±0.14
[8200/10000] C0=56.89 OS=0.20±0.14
[8400/10000] C0=56.83 OS=0.19±0.14
[8600/10000] C0=56.89 OS=0.20±0.14
[8800/10000] C0=56.87 OS=0.19±0.14
[9000/10000] C0=56.86 OS=0.19±0.13
[9200/10000] C0=56.81 OS=0.20±0.13
[9400/10000] C0=56.79 OS=0.20±0.13
[9600/10000] C0=56.84 OS=0.21±0.13
[9800/10000] C0=56.80 OS=0.21±0.13
[10000/10000] C0=56.78 OS=0.21±0.13
{
  "episodes": 10000,
  "fused": {
    "C0": {
      "mean": 56.775999999999996,
      "ci95": 0.40131321465750514
    },
    "C1": {
      "mean": 56.458,
      "ci95": 0.4017956101273084
    },
    "C3": {
      "mean": 56.47,
      "ci95": 0.40401014361564136
    },
    "C4": {
      "mean": 55.66,
      "ci95": 0.3978319429667265
    },
    "C2p0": {
      "mean": 56.516,
      "ci95": 0.40189480418811596
    },
    "C2p1": {
      "mean": 56.84600000000001,
      "ci95": 0.40215785763578094
    },
    "C2p2": {
      "mean": 56.642,
      "ci95": 0.40400288607282053
    },
    "C2p3": {
      "mean": 56.372,
      "ci95": 0.40190239039674996
    },
    "C2p4": {
      "mean": 56.458,
      "ci95": 0.4017956101273084
    }
  },
  "OS_C0_minus_C2mean": {
    "mean": 0.2092000000000001,
    "ci95": 0.1266622258727286
  },
  "delta_C0_minus_C1": {
    "mean": 0.318,
    "ci95": 0.17374915973924596
  },
  "u1_sem_max_abs_diff_C0_vs_C2": {
    "max": 0.0372314453125,
    "mean": 0.013600146484375,
    "p99": 0.024537353515625027
  },
  "sanity_text_perturb_leaves_visual_unchanged": true
}
==== DIAG config_M9_row1_B0 END 2026-09-08T17:53:17Z ====
==== DIAG config_M9_row2_lam0 START 2026-09-08T17:53:17Z ====
[200/10000] C0=57.80 OS=0.00±0.00
[400/10000] C0=56.40 OS=0.00±0.00
[600/10000] C0=57.23 OS=0.00±0.00
[800/10000] C0=57.10 OS=0.00±0.00
[1000/10000] C0=57.56 OS=0.00±0.00
[1200/10000] C0=57.62 OS=0.00±0.00
[1400/10000] C0=57.31 OS=0.00±0.00
[1600/10000] C0=57.50 OS=0.00±0.00
[1800/10000] C0=57.47 OS=0.00±0.00
[2000/10000] C0=57.37 OS=0.00±0.00
[2200/10000] C0=57.13 OS=0.00±0.00
[2400/10000] C0=57.04 OS=0.00±0.00
[2600/10000] C0=57.24 OS=0.00±0.00
[2800/10000] C0=57.26 OS=0.00±0.00
[3000/10000] C0=57.06 OS=0.00±0.00
[3200/10000] C0=56.94 OS=0.00±0.00
[3400/10000] C0=57.09 OS=0.00±0.00
[3600/10000] C0=57.13 OS=0.00±0.00
[3800/10000] C0=57.25 OS=0.00±0.00
[4000/10000] C0=57.25 OS=0.00±0.00
[4200/10000] C0=57.31 OS=-0.00±0.00
[4400/10000] C0=57.18 OS=-0.00±0.00
[4600/10000] C0=57.31 OS=-0.00±0.00
[4800/10000] C0=57.30 OS=-0.00±0.00
[5000/10000] C0=57.21 OS=-0.00±0.00
[5200/10000] C0=57.30 OS=-0.00±0.00
[5400/10000] C0=57.34 OS=-0.00±0.00
[5600/10000] C0=57.34 OS=-0.00±0.00
[5800/10000] C0=57.33 OS=-0.00±0.00
[6000/10000] C0=57.32 OS=-0.00±0.00
[6200/10000] C0=57.38 OS=-0.00±0.00
[6400/10000] C0=57.29 OS=-0.00±0.00
[6600/10000] C0=57.21 OS=-0.00±0.00
[6800/10000] C0=57.20 OS=-0.00±0.00
[7000/10000] C0=57.16 OS=-0.00±0.00
[7200/10000] C0=57.10 OS=-0.00±0.00
[7400/10000] C0=57.06 OS=-0.00±0.00
[7600/10000] C0=57.08 OS=-0.00±0.00
[7800/10000] C0=57.14 OS=-0.00±0.00
[8000/10000] C0=57.08 OS=-0.00±0.00
[8200/10000] C0=57.11 OS=-0.00±0.00
[8400/10000] C0=57.05 OS=-0.00±0.00
[8600/10000] C0=57.12 OS=-0.00±0.00
[8800/10000] C0=57.11 OS=-0.00±0.00
[9000/10000] C0=57.08 OS=-0.00±0.00
[9200/10000] C0=57.06 OS=-0.00±0.00
[9400/10000] C0=57.05 OS=-0.00±0.00
[9600/10000] C0=57.10 OS=-0.00±0.00
[9800/10000] C0=57.07 OS=-0.00±0.00
[10000/10000] C0=57.04 OS=-0.00±0.00
{
  "episodes": 10000,
  "fused": {
    "C0": {
      "mean": 57.042,
      "ci95": 0.40524026196318413
    },
    "C1": {
      "mean": 57.042,
      "ci95": 0.40524026196318413
    },
    "C3": {
      "mean": 57.21799999999999,
      "ci95": 0.4041629173465676
    },
    "C4": {
      "mean": 56.43,
      "ci95": 0.39774052943671234
    },
    "C2p0": {
      "mean": 57.044000000000004,
      "ci95": 0.40530274630695073
    },
    "C2p1": {
      "mean": 57.042,
      "ci95": 0.40524026196318413
    },
    "C2p2": {
      "mean": 57.042,
      "ci95": 0.40524026196318413
    },
    "C2p3": {
      "mean": 57.044000000000004,
      "ci95": 0.40530274630695073
    },
    "C2p4": {
      "mean": 57.042,
      "ci95": 0.40524026196318413
    }
  },
  "OS_C0_minus_C2mean": {
    "mean": -0.0008000000000000007,
    "ci95": 0.0015679711876320445
  },
  "delta_C0_minus_C1": {
    "mean": 0.0,
    "ci95": 0.0
  },
  "u1_sem_max_abs_diff_C0_vs_C2": {
    "max": 3.4086406230926514e-05,
    "mean": 1.2545662000775337e-05,
    "p99": 3.0428171157836914e-05
  },
  "sanity_text_perturb_leaves_visual_unchanged": true,
  "ot_plan_stats": {
    "pi_entropy_norm": {
      "mean": 0.999332245360136,
      "p95": 0.9999184012413025,
      "p99": 0.9999611973762512,
      "max": 0.9999961256980896,
      "min": 0.989659309387207
    },
    "row_residual": {
      "mean": 2.5830692052841186e-07,
      "p95": 4.172325134277344e-07,
      "p99": 6.407499313354492e-07,
      "max": 1.1324882507324219e-06,
      "min": 1.4901161193847656e-08
    },
    "col_residual": {
      "mean": 1.1247277259826661e-07,
      "p95": 3.2782554626464844e-07,
      "p99": 6.258487701416016e-07,
      "max": 1.1324882507324219e-06,
      "min": 0.0
    },
    "stage_mass_min": {
      "mean": 0.3333332907098532,
      "p95": 0.3333333432674408,
      "p99": 0.3333333432674408,
      "max": 0.3333335220813751,
      "min": 0.33333292603492737
    },
    "total_mass": {
      "mean": 0.9999999503660202,
      "p95": 1.0,
      "p99": 1.0000001192092896,
      "max": 1.0000007152557373,
      "min": 0.9999988675117493
    },
    "stage_mass_mean": {
      "mean": 0.3333333112011353,
      "p95": 0.3333333134651184,
      "p99": 0.3333333432674408,
      "max": 0.3333333432674408,
      "min": 0.33333322405815125
    }
  }
}
==== DIAG config_M9_row2_lam0 END 2026-09-08T21:43:33Z ====
==== DIAG config_M9_row3_lam03 START 2026-09-08T21:43:33Z ====
[200/10000] C0=57.60 OS=0.52±0.72
[400/10000] C0=56.65 OS=0.34±0.49
[600/10000] C0=56.77 OS=0.42±0.41
[800/10000] C0=56.95 OS=0.44±0.36
[1000/10000] C0=57.36 OS=0.30±0.31
[1200/10000] C0=57.35 OS=0.24±0.28
[1400/10000] C0=57.26 OS=0.23±0.26
[1600/10000] C0=57.46 OS=0.27±0.24
[1800/10000] C0=57.39 OS=0.30±0.23
[2000/10000] C0=57.32 OS=0.36±0.22
[2200/10000] C0=57.05 OS=0.36±0.21
[2400/10000] C0=57.01 OS=0.33±0.20
[2600/10000] C0=57.16 OS=0.30±0.19
[2800/10000] C0=57.12 OS=0.32±0.19
[3000/10000] C0=57.09 OS=0.30±0.18
[3200/10000] C0=57.11 OS=0.34±0.17
[3400/10000] C0=57.23 OS=0.31±0.17
[3600/10000] C0=57.23 OS=0.30±0.16
[3800/10000] C0=57.35 OS=0.29±0.16
[4000/10000] C0=57.41 OS=0.29±0.15
[4200/10000] C0=57.40 OS=0.29±0.15
[4400/10000] C0=57.37 OS=0.32±0.15
[4600/10000] C0=57.53 OS=0.34±0.14
[4800/10000] C0=57.52 OS=0.32±0.14
[5000/10000] C0=57.44 OS=0.31±0.14
[5200/10000] C0=57.57 OS=0.28±0.13
[5400/10000] C0=57.56 OS=0.29±0.13
[5600/10000] C0=57.53 OS=0.26±0.13
[5800/10000] C0=57.56 OS=0.28±0.13
[6000/10000] C0=57.55 OS=0.28±0.13
[6200/10000] C0=57.57 OS=0.30±0.12
[6400/10000] C0=57.52 OS=0.30±0.12
[6600/10000] C0=57.42 OS=0.29±0.12
[6800/10000] C0=57.39 OS=0.30±0.12
[7000/10000] C0=57.44 OS=0.29±0.12
[7200/10000] C0=57.43 OS=0.30±0.12
[7400/10000] C0=57.39 OS=0.31±0.11
[7600/10000] C0=57.39 OS=0.31±0.11
[7800/10000] C0=57.43 OS=0.30±0.11
[8000/10000] C0=57.42 OS=0.30±0.11
[8200/10000] C0=57.44 OS=0.29±0.11
[8400/10000] C0=57.39 OS=0.28±0.11
[8600/10000] C0=57.43 OS=0.28±0.10
[8800/10000] C0=57.42 OS=0.27±0.10
[9000/10000] C0=57.40 OS=0.28±0.10
[9200/10000] C0=57.37 OS=0.28±0.10
[9400/10000] C0=57.35 OS=0.29±0.10
[9600/10000] C0=57.40 OS=0.28±0.10
[9800/10000] C0=57.36 OS=0.28±0.10
[10000/10000] C0=57.34 OS=0.27±0.10
{
  "episodes": 10000,
  "fused": {
    "C0": {
      "mean": 57.33799999999999,
      "ci95": 0.4093451180349819
    },
    "C1": {
      "mean": 56.882,
      "ci95": 0.40739032713746853
    },
    "C3": {
      "mean": 56.867999999999995,
      "ci95": 0.40570469698185874
    },
    "C4": {
      "mean": 56.346,
      "ci95": 0.4050686529960764
    },
    "C2p0": {
      "mean": 57.123999999999995,
      "ci95": 0.4092957800847611
    },
    "C2p1": {
      "mean": 57.321999999999996,
      "ci95": 0.40968030022547847
    },
    "C2p2": {
      "mean": 57.062000000000005,
      "ci95": 0.4087319838675965
    },
    "C2p3": {
      "mean": 56.95,
      "ci95": 0.407851882390539
    },
    "C2p4": {
      "mean": 56.882,
      "ci95": 0.40739032713746853
    }
  },
  "OS_C0_minus_C2mean": {
    "mean": 0.27000000000000013,
    "ci95": 0.096995742585132
  },
  "delta_C0_minus_C1": {
    "mean": 0.45599999999999996,
    "ci95": 0.14703347763520044
  },
  "u1_sem_max_abs_diff_C0_vs_C2": {
    "max": 0.02231845259666443,
    "mean": 0.009233594394102693,
    "p99": 0.016528012752532968
  },
  "sanity_text_perturb_leaves_visual_unchanged": true,
  "ot_plan_stats": {
    "pi_entropy_norm": {
      "mean": 0.9325208291089535,
      "p95": 0.9379122436046601,
      "p99": 0.9410436886548996,
      "max": 0.9535645246505737,
      "min": 0.910243809223175
    },
    "row_residual": {
      "mean": 2.5073987245559694e-07,
      "p95": 3.8743019104003906e-07,
      "p99": 6.705522537231445e-07,
      "max": 1.2218952178955078e-06,
      "min": 2.9802322387695312e-08
    },
    "col_residual": {
      "mean": 1.1337471008300781e-07,
      "p95": 2.682209014892578e-07,
      "p99": 6.556510925292969e-07,
      "max": 1.2218952178955078e-06,
      "min": 0.0
    },
    "stage_mass_min": {
      "mean": 0.33333328790688516,
      "p95": 0.3333333432674408,
      "p99": 0.3333333432674408,
      "max": 0.33333340287208557,
      "min": 0.333332896232605
    },
    "total_mass": {
      "mean": 0.9999999475765228,
      "p95": 1.0,
      "p99": 1.0000001192092896,
      "max": 1.0000004768371582,
      "min": 0.9999988079071045
    },
    "stage_mass_mean": {
      "mean": 0.33333331006765365,
      "p95": 0.3333333134651184,
      "p99": 0.3333333432674408,
      "max": 0.3333333432674408,
      "min": 0.33333322405815125
    }
  }
}
==== DIAG config_M9_row3_lam03 END 2026-09-09T01:35:26Z ====
==== DIAG config_M9_row4_lam03rho1 START 2026-09-09T01:35:26Z ====
[200/10000] C0=57.20 OS=0.46±0.78
[400/10000] C0=56.50 OS=0.38±0.51
[600/10000] C0=56.67 OS=0.39±0.41
[800/10000] C0=56.83 OS=0.44±0.35
[1000/10000] C0=57.22 OS=0.29±0.31
[1200/10000] C0=57.22 OS=0.28±0.29
[1400/10000] C0=57.16 OS=0.24±0.26
[1600/10000] C0=57.39 OS=0.27±0.25
[1800/10000] C0=57.28 OS=0.24±0.23
[2000/10000] C0=57.17 OS=0.25±0.22
[2200/10000] C0=56.91 OS=0.27±0.21
[2400/10000] C0=56.89 OS=0.25±0.20
[2600/10000] C0=57.09 OS=0.26±0.19
[2800/10000] C0=57.10 OS=0.28±0.19
[3000/10000] C0=57.08 OS=0.28±0.18
[3200/10000] C0=57.11 OS=0.32±0.17
[3400/10000] C0=57.26 OS=0.31±0.16
[3600/10000] C0=57.28 OS=0.31±0.16
[3800/10000] C0=57.38 OS=0.31±0.16
[4000/10000] C0=57.44 OS=0.31±0.15
[4200/10000] C0=57.41 OS=0.31±0.15
[4400/10000] C0=57.38 OS=0.33±0.15
[4600/10000] C0=57.53 OS=0.34±0.14
[4800/10000] C0=57.52 OS=0.33±0.14
[5000/10000] C0=57.45 OS=0.32±0.14
[5200/10000] C0=57.60 OS=0.30±0.13
[5400/10000] C0=57.59 OS=0.30±0.13
[5600/10000] C0=57.55 OS=0.27±0.13
[5800/10000] C0=57.57 OS=0.29±0.13
[6000/10000] C0=57.55 OS=0.27±0.12
[6200/10000] C0=57.56 OS=0.29±0.12
[6400/10000] C0=57.50 OS=0.26±0.12
[6600/10000] C0=57.40 OS=0.26±0.12
[6800/10000] C0=57.38 OS=0.26±0.12
[7000/10000] C0=57.43 OS=0.27±0.12
[7200/10000] C0=57.41 OS=0.28±0.11
[7400/10000] C0=57.35 OS=0.29±0.11
[7600/10000] C0=57.36 OS=0.28±0.11
[7800/10000] C0=57.39 OS=0.28±0.11
[8000/10000] C0=57.39 OS=0.28±0.11
[8200/10000] C0=57.40 OS=0.25±0.11
[8400/10000] C0=57.32 OS=0.24±0.11
[8600/10000] C0=57.38 OS=0.23±0.11
[8800/10000] C0=57.36 OS=0.22±0.10
[9000/10000] C0=57.34 OS=0.22±0.10
[9200/10000] C0=57.32 OS=0.22±0.10
[9400/10000] C0=57.30 OS=0.22±0.10
[9600/10000] C0=57.35 OS=0.23±0.10
[9800/10000] C0=57.32 OS=0.22±0.10
[10000/10000] C0=57.29 OS=0.22±0.10
{
  "episodes": 10000,
  "fused": {
    "C0": {
      "mean": 57.29200000000001,
      "ci95": 0.40973582159447974
    },
    "C1": {
      "mean": 56.89999999999999,
      "ci95": 0.40659358867046064
    },
    "C3": {
      "mean": 56.928,
      "ci95": 0.40546421264116533
    },
    "C4": {
      "mean": 56.291999999999994,
      "ci95": 0.40444336115617147
    },
    "C2p0": {
      "mean": 57.14600000000001,
      "ci95": 0.40862224408288755
    },
    "C2p1": {
      "mean": 57.330000000000005,
      "ci95": 0.40898707216389074
    },
    "C2p2": {
      "mean": 57.06200000000001,
      "ci95": 0.4070365722567729
    },
    "C2p3": {
      "mean": 56.94200000000001,
      "ci95": 0.4081678550354082
    },
    "C2p4": {
      "mean": 56.89999999999999,
      "ci95": 0.40659358867046064
    }
  },
  "OS_C0_minus_C2mean": {
    "mean": 0.21600000000000016,
    "ci95": 0.09694313632927874
  },
  "delta_C0_minus_C1": {
    "mean": 0.392,
    "ci95": 0.14457544791180388
  },
  "u1_sem_max_abs_diff_C0_vs_C2": {
    "max": 0.022361397743225098,
    "mean": 0.00917507077753544,
    "p99": 0.0165617184340954
  },
  "sanity_text_perturb_leaves_visual_unchanged": true,
  "ot_plan_stats": {
    "pi_entropy_norm": {
      "mean": 0.932928821444273,
      "p95": 0.9383022278547287,
      "p99": 0.9414075618982315,
      "max": 0.9534552097320557,
      "min": 0.9105910658836365
    },
    "row_residual": {
      "mean": 4.0701037645339967e-07,
      "p95": 7.003545761108398e-07,
      "p99": 8.195638656616211e-07,
      "max": 1.2069940567016602e-06,
      "min": 2.9802322387695312e-08
    },
    "col_residual": {
      "mean": 0.013498782051444053,
      "p95": 0.02271905690431595,
      "p99": 0.02902895301580429,
      "max": 0.04710927605628967,
      "min": 3.102421760559082e-05
    },
    "stage_mass_min": {
      "mean": 0.3279118151806593,
      "p95": 0.3314504027366638,
      "p99": 0.33241457492113113,
      "max": 0.33331775665283203,
      "min": 0.3097786605358124
    },
    "total_mass": {
      "mean": 0.9999996972081662,
      "p95": 1.0,
      "p99": 1.000000238418579,
      "max": 1.0000007152557373,
      "min": 0.9999988675117493
    },
    "stage_mass_mean": {
      "mean": 0.3333332255423069,
      "p95": 0.3401624456048012,
      "p99": 0.34091556936502454,
      "max": 0.34219735860824585,
      "min": 0.32620105147361755
    }
  }
}
==== DIAG config_M9_row4_lam03rho1 END 2026-09-09T05:34:03Z ====
==== DIAG config_M9_row3_seed917 START 2026-09-09T05:34:03Z ====
[200/10000] C0=60.00 OS=0.30±0.65
[400/10000] C0=59.35 OS=0.12±0.44
[600/10000] C0=59.20 OS=0.01±0.36
[800/10000] C0=59.25 OS=0.14±0.33
[1000/10000] C0=59.66 OS=0.24±0.29
[1200/10000] C0=60.12 OS=0.42±0.27
[1400/10000] C0=59.84 OS=0.43±0.25
[1600/10000] C0=59.89 OS=0.45±0.24
[1800/10000] C0=59.68 OS=0.48±0.23
[2000/10000] C0=59.64 OS=0.43±0.21
[2200/10000] C0=59.47 OS=0.44±0.21
[2400/10000] C0=59.61 OS=0.44±0.20
[2600/10000] C0=59.70 OS=0.42±0.19
[2800/10000] C0=59.82 OS=0.44±0.19
[3000/10000] C0=59.69 OS=0.42±0.18
[3200/10000] C0=59.60 OS=0.36±0.17
[3400/10000] C0=59.61 OS=0.33±0.17
[3600/10000] C0=59.67 OS=0.31±0.16
[3800/10000] C0=59.72 OS=0.29±0.16
[4000/10000] C0=59.65 OS=0.30±0.15
[4200/10000] C0=59.77 OS=0.29±0.15
[4400/10000] C0=59.60 OS=0.29±0.15
[4600/10000] C0=59.68 OS=0.31±0.14
[4800/10000] C0=59.67 OS=0.30±0.14
[5000/10000] C0=59.60 OS=0.28±0.14
[5200/10000] C0=59.61 OS=0.25±0.14
[5400/10000] C0=59.59 OS=0.25±0.13
[5600/10000] C0=59.54 OS=0.23±0.13
[5800/10000] C0=59.57 OS=0.23±0.13
[6000/10000] C0=59.54 OS=0.21±0.13
[6200/10000] C0=59.50 OS=0.21±0.12
[6400/10000] C0=59.39 OS=0.21±0.12
[6600/10000] C0=59.36 OS=0.23±0.12
[6800/10000] C0=59.40 OS=0.25±0.12
[7000/10000] C0=59.39 OS=0.23±0.12
[7200/10000] C0=59.41 OS=0.24±0.11
[7400/10000] C0=59.36 OS=0.23±0.11
[7600/10000] C0=59.33 OS=0.23±0.11
[7800/10000] C0=59.35 OS=0.23±0.11
[8000/10000] C0=59.33 OS=0.23±0.11
[8200/10000] C0=59.37 OS=0.23±0.11
[8400/10000] C0=59.34 OS=0.24±0.11
[8600/10000] C0=59.39 OS=0.22±0.10
[8800/10000] C0=59.37 OS=0.22±0.10
[9000/10000] C0=59.32 OS=0.20±0.10
[9200/10000] C0=59.28 OS=0.20±0.10
[9400/10000] C0=59.30 OS=0.20±0.10
[9600/10000] C0=59.33 OS=0.22±0.10
[9800/10000] C0=59.30 OS=0.21±0.10
[10000/10000] C0=59.29 OS=0.21±0.10
{
  "episodes": 10000,
  "fused": {
    "C0": {
      "mean": 59.29,
      "ci95": 0.4120495535819696
    },
    "C1": {
      "mean": 58.888,
      "ci95": 0.4124351690024561
    },
    "C3": {
      "mean": 59.14,
      "ci95": 0.41169719864006005
    },
    "C4": {
      "mean": 58.36,
      "ci95": 0.4099999931186097
    },
    "C2p0": {
      "mean": 59.18,
      "ci95": 0.4119897374466339
    },
    "C2p1": {
      "mean": 59.260000000000005,
      "ci95": 0.4126442122054883
    },
    "C2p2": {
      "mean": 59.117999999999995,
      "ci95": 0.41240658020662074
    },
    "C2p3": {
      "mean": 58.96,
      "ci95": 0.4125073280347164
    },
    "C2p4": {
      "mean": 58.888,
      "ci95": 0.4124351690024561
    }
  },
  "OS_C0_minus_C2mean": {
    "mean": 0.20880000000000018,
    "ci95": 0.09733519151647443
  },
  "delta_C0_minus_C1": {
    "mean": 0.4020000000000001,
    "ci95": 0.14693720242488556
  },
  "u1_sem_max_abs_diff_C0_vs_C2": {
    "max": 0.02169784903526306,
    "mean": 0.009111109618097545,
    "p99": 0.016501995623111727
  },
  "sanity_text_perturb_leaves_visual_unchanged": true,
  "ot_plan_stats": {
    "pi_entropy_norm": {
      "mean": 0.9325263430275917,
      "p95": 0.9380204677581787,
      "p99": 0.9411268877983093,
      "max": 0.9518224000930786,
      "min": 0.91005539894104
    },
    "row_residual": {
      "mean": 2.514832615852356e-07,
      "p95": 4.023313522338867e-07,
      "p99": 6.556510925292969e-07,
      "max": 1.1771917343139648e-06,
      "min": 1.4901161193847656e-08
    },
    "col_residual": {
      "mean": 1.1346471309661865e-07,
      "p95": 2.682209014892578e-07,
      "p99": 6.556510925292969e-07,
      "max": 1.1622905731201172e-06,
      "min": 0.0
    },
    "stage_mass_min": {
      "mean": 0.3333332878497839,
      "p95": 0.3333333432674408,
      "p99": 0.3333333432674408,
      "max": 0.33333346247673035,
      "min": 0.33333292603492737
    },
    "total_mass": {
      "mean": 0.9999999475028515,
      "p95": 1.0,
      "p99": 1.0000001192092896,
      "max": 1.0000004768371582,
      "min": 0.9999988675117493
    },
    "stage_mass_mean": {
      "mean": 0.33333331014017265,
      "p95": 0.3333333134651184,
      "p99": 0.3333333432674408,
      "max": 0.3333333432674408,
      "min": 0.33333322405815125
    }
  }
}
==== DIAG config_M9_row3_seed917 END 2026-09-09T09:30:43Z ====
==== M9 CHAIN DONE 2026-09-09T09:30:43Z ====
Wed Sep  9 09:30:43 2026       
+-----------------------------------------------------------------------------------------+
| NVIDIA-SMI 580.119.02             Driver Version: 580.119.02     CUDA Version: 13.0     |
+-----------------------------------------+------------------------+----------------------+
| GPU  Name                 Persistence-M | Bus-Id          Disp.A | Volatile Uncorr. ECC |
| Fan  Temp   Perf          Pwr:Usage/Cap |           Memory-Usage | GPU-Util  Compute M. |
|                                         |                        |               MIG M. |
|=========================================+========================+======================|
|   0  NVIDIA GeForce RTX 3090        On  |   00000000:E1:00.0 Off |                  N/A |
| 37%   49C    P2            127W /  350W |       0MiB /  24576MiB |      0%      Default |
|                                         |                        |                  N/A |
+-----------------------------------------+------------------------+----------------------+

+-----------------------------------------------------------------------------------------+
| Processes:                                                                              |
|  GPU   GI   CI              PID   Type   Process name                        GPU Memory |
|        ID   ID                                                               Usage      |
|=========================================================================================|
|  No running processes found                                                             |
+-----------------------------------------------------------------------------------------+
