[200/10000] C0=57.60 OS=0.52±0.72
[400/10000] C0=56.65 OS=0.34±0.49
[600/10000] C0=56.77 OS=0.42±0.41
[800/10000] C0=56.95 OS=0.44±0.36
[1000/10000] C0=57.36 OS=0.30±0.31
[1200/10000] C0=57.35 OS=0.24±0.28
[1400/10000] C0=57.26 OS=0.23±0.26
[1600/10000] C0=57.46 OS=0.27±0.24
[1800/10000] C0=57.39 OS=0.30±0.23
[2000/10000] C0=57.32 OS=0.36±0.22
[2200/10000] C0=57.05 OS=0.36±0.21
[2400/10000] C0=57.01 OS=0.33±0.20
[2600/10000] C0=57.16 OS=0.30±0.19
[2800/10000] C0=57.12 OS=0.32±0.19
[3000/10000] C0=57.09 OS=0.30±0.18
[3200/10000] C0=57.11 OS=0.34±0.17
[3400/10000] C0=57.23 OS=0.31±0.17
[3600/10000] C0=57.23 OS=0.30±0.16
[3800/10000] C0=57.35 OS=0.29±0.16
[4000/10000] C0=57.41 OS=0.29±0.15
[4200/10000] C0=57.40 OS=0.29±0.15
[4400/10000] C0=57.37 OS=0.32±0.15
[4600/10000] C0=57.53 OS=0.34±0.14
[4800/10000] C0=57.52 OS=0.32±0.14
[5000/10000] C0=57.44 OS=0.31±0.14
[5200/10000] C0=57.57 OS=0.28±0.13
[5400/10000] C0=57.56 OS=0.29±0.13
[5600/10000] C0=57.53 OS=0.26±0.13
[5800/10000] C0=57.56 OS=0.28±0.13
[6000/10000] C0=57.55 OS=0.28±0.13
[6200/10000] C0=57.57 OS=0.30±0.12
[6400/10000] C0=57.52 OS=0.30±0.12
[6600/10000] C0=57.42 OS=0.29±0.12
[6800/10000] C0=57.39 OS=0.30±0.12
[7000/10000] C0=57.44 OS=0.29±0.12
[7200/10000] C0=57.43 OS=0.30±0.12
[7400/10000] C0=57.39 OS=0.31±0.11
[7600/10000] C0=57.39 OS=0.31±0.11
[7800/10000] C0=57.43 OS=0.30±0.11
[8000/10000] C0=57.42 OS=0.30±0.11
[8200/10000] C0=57.44 OS=0.29±0.11
[8400/10000] C0=57.39 OS=0.28±0.11
[8600/10000] C0=57.43 OS=0.28±0.10
[8800/10000] C0=57.42 OS=0.27±0.10
[9000/10000] C0=57.40 OS=0.28±0.10
[9200/10000] C0=57.37 OS=0.28±0.10
[9400/10000] C0=57.35 OS=0.29±0.10
[9600/10000] C0=57.40 OS=0.28±0.10
[9800/10000] C0=57.36 OS=0.28±0.10
[10000/10000] C0=57.34 OS=0.27±0.10
{
  "episodes": 10000,
  "fused": {
    "C0": {
      "mean": 57.33799999999999,
      "ci95": 0.4093451180349819
    },
    "C1": {
      "mean": 56.882,
      "ci95": 0.40739032713746853
    },
    "C3": {
      "mean": 56.867999999999995,
      "ci95": 0.40570469698185874
    },
    "C4": {
      "mean": 56.346,
      "ci95": 0.4050686529960764
    },
    "C2p0": {
      "mean": 57.123999999999995,
      "ci95": 0.4092957800847611
    },
    "C2p1": {
      "mean": 57.321999999999996,
      "ci95": 0.40968030022547847
    },
    "C2p2": {
      "mean": 57.062000000000005,
      "ci95": 0.4087319838675965
    },
    "C2p3": {
      "mean": 56.95,
      "ci95": 0.407851882390539
    },
    "C2p4": {
      "mean": 56.882,
      "ci95": 0.40739032713746853
    }
  },
  "OS_C0_minus_C2mean": {
    "mean": 0.27000000000000013,
    "ci95": 0.096995742585132
  },
  "delta_C0_minus_C1": {
    "mean": 0.45599999999999996,
    "ci95": 0.14703347763520044
  },
  "u1_sem_max_abs_diff_C0_vs_C2": {
    "max": 0.02231845259666443,
    "mean": 0.009233594394102693,
    "p99": 0.016528012752532968
  },
  "sanity_text_perturb_leaves_visual_unchanged": true,
  "ot_plan_stats": {
    "pi_entropy_norm": {
      "mean": 0.9325208291089535,
      "p95": 0.9379122436046601,
      "p99": 0.9410436886548996,
      "max": 0.9535645246505737,
      "min": 0.910243809223175
    },
    "row_residual": {
      "mean": 2.5073987245559694e-07,
      "p95": 3.8743019104003906e-07,
      "p99": 6.705522537231445e-07,
      "max": 1.2218952178955078e-06,
      "min": 2.9802322387695312e-08
    },
    "col_residual": {
      "mean": 1.1337471008300781e-07,
      "p95": 2.682209014892578e-07,
      "p99": 6.556510925292969e-07,
      "max": 1.2218952178955078e-06,
      "min": 0.0
    },
    "stage_mass_min": {
      "mean": 0.33333328790688516,
      "p95": 0.3333333432674408,
      "p99": 0.3333333432674408,
      "max": 0.33333340287208557,
      "min": 0.333332896232605
    },
    "total_mass": {
      "mean": 0.9999999475765228,
      "p95": 1.0,
      "p99": 1.0000001192092896,
      "max": 1.0000004768371582,
      "min": 0.9999988079071045
    },
    "stage_mass_mean": {
      "mean": 0.33333331006765365,
      "p95": 0.3333333134651184,
      "p99": 0.3333333432674408,
      "max": 0.3333333432674408,
      "min": 0.33333322405815125
    }
  }
}
