[200/10000] C0=57.80 OS=0.00±0.00
[400/10000] C0=56.40 OS=0.00±0.00
[600/10000] C0=57.23 OS=0.00±0.00
[800/10000] C0=57.10 OS=0.00±0.00
[1000/10000] C0=57.56 OS=0.00±0.00
[1200/10000] C0=57.62 OS=0.00±0.00
[1400/10000] C0=57.31 OS=0.00±0.00
[1600/10000] C0=57.50 OS=0.00±0.00
[1800/10000] C0=57.47 OS=0.00±0.00
[2000/10000] C0=57.37 OS=0.00±0.00
[2200/10000] C0=57.13 OS=0.00±0.00
[2400/10000] C0=57.04 OS=0.00±0.00
[2600/10000] C0=57.24 OS=0.00±0.00
[2800/10000] C0=57.26 OS=0.00±0.00
[3000/10000] C0=57.06 OS=0.00±0.00
[3200/10000] C0=56.94 OS=0.00±0.00
[3400/10000] C0=57.09 OS=0.00±0.00
[3600/10000] C0=57.13 OS=0.00±0.00
[3800/10000] C0=57.25 OS=0.00±0.00
[4000/10000] C0=57.25 OS=0.00±0.00
[4200/10000] C0=57.31 OS=-0.00±0.00
[4400/10000] C0=57.18 OS=-0.00±0.00
[4600/10000] C0=57.31 OS=-0.00±0.00
[4800/10000] C0=57.30 OS=-0.00±0.00
[5000/10000] C0=57.21 OS=-0.00±0.00
[5200/10000] C0=57.30 OS=-0.00±0.00
[5400/10000] C0=57.34 OS=-0.00±0.00
[5600/10000] C0=57.34 OS=-0.00±0.00
[5800/10000] C0=57.33 OS=-0.00±0.00
[6000/10000] C0=57.32 OS=-0.00±0.00
[6200/10000] C0=57.38 OS=-0.00±0.00
[6400/10000] C0=57.29 OS=-0.00±0.00
[6600/10000] C0=57.21 OS=-0.00±0.00
[6800/10000] C0=57.20 OS=-0.00±0.00
[7000/10000] C0=57.16 OS=-0.00±0.00
[7200/10000] C0=57.10 OS=-0.00±0.00
[7400/10000] C0=57.06 OS=-0.00±0.00
[7600/10000] C0=57.08 OS=-0.00±0.00
[7800/10000] C0=57.14 OS=-0.00±0.00
[8000/10000] C0=57.08 OS=-0.00±0.00
[8200/10000] C0=57.11 OS=-0.00±0.00
[8400/10000] C0=57.05 OS=-0.00±0.00
[8600/10000] C0=57.12 OS=-0.00±0.00
[8800/10000] C0=57.11 OS=-0.00±0.00
[9000/10000] C0=57.08 OS=-0.00±0.00
[9200/10000] C0=57.06 OS=-0.00±0.00
[9400/10000] C0=57.05 OS=-0.00±0.00
[9600/10000] C0=57.10 OS=-0.00±0.00
[9800/10000] C0=57.07 OS=-0.00±0.00
[10000/10000] C0=57.04 OS=-0.00±0.00
{
  "episodes": 10000,
  "fused": {
    "C0": {
      "mean": 57.042,
      "ci95": 0.40524026196318413
    },
    "C1": {
      "mean": 57.042,
      "ci95": 0.40524026196318413
    },
    "C3": {
      "mean": 57.21799999999999,
      "ci95": 0.4041629173465676
    },
    "C4": {
      "mean": 56.43,
      "ci95": 0.39774052943671234
    },
    "C2p0": {
      "mean": 57.044000000000004,
      "ci95": 0.40530274630695073
    },
    "C2p1": {
      "mean": 57.042,
      "ci95": 0.40524026196318413
    },
    "C2p2": {
      "mean": 57.042,
      "ci95": 0.40524026196318413
    },
    "C2p3": {
      "mean": 57.044000000000004,
      "ci95": 0.40530274630695073
    },
    "C2p4": {
      "mean": 57.042,
      "ci95": 0.40524026196318413
    }
  },
  "OS_C0_minus_C2mean": {
    "mean": -0.0008000000000000007,
    "ci95": 0.0015679711876320445
  },
  "delta_C0_minus_C1": {
    "mean": 0.0,
    "ci95": 0.0
  },
  "u1_sem_max_abs_diff_C0_vs_C2": {
    "max": 3.4086406230926514e-05,
    "mean": 1.2545662000775337e-05,
    "p99": 3.0428171157836914e-05
  },
  "sanity_text_perturb_leaves_visual_unchanged": true,
  "ot_plan_stats": {
    "pi_entropy_norm": {
      "mean": 0.999332245360136,
      "p95": 0.9999184012413025,
      "p99": 0.9999611973762512,
      "max": 0.9999961256980896,
      "min": 0.989659309387207
    },
    "row_residual": {
      "mean": 2.5830692052841186e-07,
      "p95": 4.172325134277344e-07,
      "p99": 6.407499313354492e-07,
      "max": 1.1324882507324219e-06,
      "min": 1.4901161193847656e-08
    },
    "col_residual": {
      "mean": 1.1247277259826661e-07,
      "p95": 3.2782554626464844e-07,
      "p99": 6.258487701416016e-07,
      "max": 1.1324882507324219e-06,
      "min": 0.0
    },
    "stage_mass_min": {
      "mean": 0.3333332907098532,
      "p95": 0.3333333432674408,
      "p99": 0.3333333432674408,
      "max": 0.3333335220813751,
      "min": 0.33333292603492737
    },
    "total_mass": {
      "mean": 0.9999999503660202,
      "p95": 1.0,
      "p99": 1.0000001192092896,
      "max": 1.0000007152557373,
      "min": 0.9999988675117493
    },
    "stage_mass_mean": {
      "mean": 0.3333333112011353,
      "p95": 0.3333333134651184,
      "p99": 0.3333333432674408,
      "max": 0.3333333432674408,
      "min": 0.33333322405815125
    }
  }
}
