[200/10000] C0=60.00 OS=0.30±0.65
[400/10000] C0=59.35 OS=0.12±0.44
[600/10000] C0=59.20 OS=0.01±0.36
[800/10000] C0=59.25 OS=0.14±0.33
[1000/10000] C0=59.66 OS=0.24±0.29
[1200/10000] C0=60.12 OS=0.42±0.27
[1400/10000] C0=59.84 OS=0.43±0.25
[1600/10000] C0=59.89 OS=0.45±0.24
[1800/10000] C0=59.68 OS=0.48±0.23
[2000/10000] C0=59.64 OS=0.43±0.21
[2200/10000] C0=59.47 OS=0.44±0.21
[2400/10000] C0=59.61 OS=0.44±0.20
[2600/10000] C0=59.70 OS=0.42±0.19
[2800/10000] C0=59.82 OS=0.44±0.19
[3000/10000] C0=59.69 OS=0.42±0.18
[3200/10000] C0=59.60 OS=0.36±0.17
[3400/10000] C0=59.61 OS=0.33±0.17
[3600/10000] C0=59.67 OS=0.31±0.16
[3800/10000] C0=59.72 OS=0.29±0.16
[4000/10000] C0=59.65 OS=0.30±0.15
[4200/10000] C0=59.77 OS=0.29±0.15
[4400/10000] C0=59.60 OS=0.29±0.15
[4600/10000] C0=59.68 OS=0.31±0.14
[4800/10000] C0=59.67 OS=0.30±0.14
[5000/10000] C0=59.60 OS=0.28±0.14
[5200/10000] C0=59.61 OS=0.25±0.14
[5400/10000] C0=59.59 OS=0.25±0.13
[5600/10000] C0=59.54 OS=0.23±0.13
[5800/10000] C0=59.57 OS=0.23±0.13
[6000/10000] C0=59.54 OS=0.21±0.13
[6200/10000] C0=59.50 OS=0.21±0.12
[6400/10000] C0=59.39 OS=0.21±0.12
[6600/10000] C0=59.36 OS=0.23±0.12
[6800/10000] C0=59.40 OS=0.25±0.12
[7000/10000] C0=59.39 OS=0.23±0.12
[7200/10000] C0=59.41 OS=0.24±0.11
[7400/10000] C0=59.36 OS=0.23±0.11
[7600/10000] C0=59.33 OS=0.23±0.11
[7800/10000] C0=59.35 OS=0.23±0.11
[8000/10000] C0=59.33 OS=0.23±0.11
[8200/10000] C0=59.37 OS=0.23±0.11
[8400/10000] C0=59.34 OS=0.24±0.11
[8600/10000] C0=59.39 OS=0.22±0.10
[8800/10000] C0=59.37 OS=0.22±0.10
[9000/10000] C0=59.32 OS=0.20±0.10
[9200/10000] C0=59.28 OS=0.20±0.10
[9400/10000] C0=59.30 OS=0.20±0.10
[9600/10000] C0=59.33 OS=0.22±0.10
[9800/10000] C0=59.30 OS=0.21±0.10
[10000/10000] C0=59.29 OS=0.21±0.10
{
  "episodes": 10000,
  "fused": {
    "C0": {
      "mean": 59.29,
      "ci95": 0.4120495535819696
    },
    "C1": {
      "mean": 58.888,
      "ci95": 0.4124351690024561
    },
    "C3": {
      "mean": 59.14,
      "ci95": 0.41169719864006005
    },
    "C4": {
      "mean": 58.36,
      "ci95": 0.4099999931186097
    },
    "C2p0": {
      "mean": 59.18,
      "ci95": 0.4119897374466339
    },
    "C2p1": {
      "mean": 59.260000000000005,
      "ci95": 0.4126442122054883
    },
    "C2p2": {
      "mean": 59.117999999999995,
      "ci95": 0.41240658020662074
    },
    "C2p3": {
      "mean": 58.96,
      "ci95": 0.4125073280347164
    },
    "C2p4": {
      "mean": 58.888,
      "ci95": 0.4124351690024561
    }
  },
  "OS_C0_minus_C2mean": {
    "mean": 0.20880000000000018,
    "ci95": 0.09733519151647443
  },
  "delta_C0_minus_C1": {
    "mean": 0.4020000000000001,
    "ci95": 0.14693720242488556
  },
  "u1_sem_max_abs_diff_C0_vs_C2": {
    "max": 0.02169784903526306,
    "mean": 0.009111109618097545,
    "p99": 0.016501995623111727
  },
  "sanity_text_perturb_leaves_visual_unchanged": true,
  "ot_plan_stats": {
    "pi_entropy_norm": {
      "mean": 0.9325263430275917,
      "p95": 0.9380204677581787,
      "p99": 0.9411268877983093,
      "max": 0.9518224000930786,
      "min": 0.91005539894104
    },
    "row_residual": {
      "mean": 2.514832615852356e-07,
      "p95": 4.023313522338867e-07,
      "p99": 6.556510925292969e-07,
      "max": 1.1771917343139648e-06,
      "min": 1.4901161193847656e-08
    },
    "col_residual": {
      "mean": 1.1346471309661865e-07,
      "p95": 2.682209014892578e-07,
      "p99": 6.556510925292969e-07,
      "max": 1.1622905731201172e-06,
      "min": 0.0
    },
    "stage_mass_min": {
      "mean": 0.3333332878497839,
      "p95": 0.3333333432674408,
      "p99": 0.3333333432674408,
      "max": 0.33333346247673035,
      "min": 0.33333292603492737
    },
    "total_mass": {
      "mean": 0.9999999475028515,
      "p95": 1.0,
      "p99": 1.0000001192092896,
      "max": 1.0000004768371582,
      "min": 0.9999988675117493
    },
    "stage_mass_mean": {
      "mean": 0.33333331014017265,
      "p95": 0.3333333134651184,
      "p99": 0.3333333432674408,
      "max": 0.3333333432674408,
      "min": 0.33333322405815125
    }
  }
}
