[200/10000] C0=57.20 OS=0.46±0.78
[400/10000] C0=56.50 OS=0.38±0.51
[600/10000] C0=56.67 OS=0.39±0.41
[800/10000] C0=56.83 OS=0.44±0.35
[1000/10000] C0=57.22 OS=0.29±0.31
[1200/10000] C0=57.22 OS=0.28±0.29
[1400/10000] C0=57.16 OS=0.24±0.26
[1600/10000] C0=57.39 OS=0.27±0.25
[1800/10000] C0=57.28 OS=0.24±0.23
[2000/10000] C0=57.17 OS=0.25±0.22
[2200/10000] C0=56.91 OS=0.27±0.21
[2400/10000] C0=56.89 OS=0.25±0.20
[2600/10000] C0=57.09 OS=0.26±0.19
[2800/10000] C0=57.10 OS=0.28±0.19
[3000/10000] C0=57.08 OS=0.28±0.18
[3200/10000] C0=57.11 OS=0.32±0.17
[3400/10000] C0=57.26 OS=0.31±0.16
[3600/10000] C0=57.28 OS=0.31±0.16
[3800/10000] C0=57.38 OS=0.31±0.16
[4000/10000] C0=57.44 OS=0.31±0.15
[4200/10000] C0=57.41 OS=0.31±0.15
[4400/10000] C0=57.38 OS=0.33±0.15
[4600/10000] C0=57.53 OS=0.34±0.14
[4800/10000] C0=57.52 OS=0.33±0.14
[5000/10000] C0=57.45 OS=0.32±0.14
[5200/10000] C0=57.60 OS=0.30±0.13
[5400/10000] C0=57.59 OS=0.30±0.13
[5600/10000] C0=57.55 OS=0.27±0.13
[5800/10000] C0=57.57 OS=0.29±0.13
[6000/10000] C0=57.55 OS=0.27±0.12
[6200/10000] C0=57.56 OS=0.29±0.12
[6400/10000] C0=57.50 OS=0.26±0.12
[6600/10000] C0=57.40 OS=0.26±0.12
[6800/10000] C0=57.38 OS=0.26±0.12
[7000/10000] C0=57.43 OS=0.27±0.12
[7200/10000] C0=57.41 OS=0.28±0.11
[7400/10000] C0=57.35 OS=0.29±0.11
[7600/10000] C0=57.36 OS=0.28±0.11
[7800/10000] C0=57.39 OS=0.28±0.11
[8000/10000] C0=57.39 OS=0.28±0.11
[8200/10000] C0=57.40 OS=0.25±0.11
[8400/10000] C0=57.32 OS=0.24±0.11
[8600/10000] C0=57.38 OS=0.23±0.11
[8800/10000] C0=57.36 OS=0.22±0.10
[9000/10000] C0=57.34 OS=0.22±0.10
[9200/10000] C0=57.32 OS=0.22±0.10
[9400/10000] C0=57.30 OS=0.22±0.10
[9600/10000] C0=57.35 OS=0.23±0.10
[9800/10000] C0=57.32 OS=0.22±0.10
[10000/10000] C0=57.29 OS=0.22±0.10
{
  "episodes": 10000,
  "fused": {
    "C0": {
      "mean": 57.29200000000001,
      "ci95": 0.40973582159447974
    },
    "C1": {
      "mean": 56.89999999999999,
      "ci95": 0.40659358867046064
    },
    "C3": {
      "mean": 56.928,
      "ci95": 0.40546421264116533
    },
    "C4": {
      "mean": 56.291999999999994,
      "ci95": 0.40444336115617147
    },
    "C2p0": {
      "mean": 57.14600000000001,
      "ci95": 0.40862224408288755
    },
    "C2p1": {
      "mean": 57.330000000000005,
      "ci95": 0.40898707216389074
    },
    "C2p2": {
      "mean": 57.06200000000001,
      "ci95": 0.4070365722567729
    },
    "C2p3": {
      "mean": 56.94200000000001,
      "ci95": 0.4081678550354082
    },
    "C2p4": {
      "mean": 56.89999999999999,
      "ci95": 0.40659358867046064
    }
  },
  "OS_C0_minus_C2mean": {
    "mean": 0.21600000000000016,
    "ci95": 0.09694313632927874
  },
  "delta_C0_minus_C1": {
    "mean": 0.392,
    "ci95": 0.14457544791180388
  },
  "u1_sem_max_abs_diff_C0_vs_C2": {
    "max": 0.022361397743225098,
    "mean": 0.00917507077753544,
    "p99": 0.0165617184340954
  },
  "sanity_text_perturb_leaves_visual_unchanged": true,
  "ot_plan_stats": {
    "pi_entropy_norm": {
      "mean": 0.932928821444273,
      "p95": 0.9383022278547287,
      "p99": 0.9414075618982315,
      "max": 0.9534552097320557,
      "min": 0.9105910658836365
    },
    "row_residual": {
      "mean": 4.0701037645339967e-07,
      "p95": 7.003545761108398e-07,
      "p99": 8.195638656616211e-07,
      "max": 1.2069940567016602e-06,
      "min": 2.9802322387695312e-08
    },
    "col_residual": {
      "mean": 0.013498782051444053,
      "p95": 0.02271905690431595,
      "p99": 0.02902895301580429,
      "max": 0.04710927605628967,
      "min": 3.102421760559082e-05
    },
    "stage_mass_min": {
      "mean": 0.3279118151806593,
      "p95": 0.3314504027366638,
      "p99": 0.33241457492113113,
      "max": 0.33331775665283203,
      "min": 0.3097786605358124
    },
    "total_mass": {
      "mean": 0.9999996972081662,
      "p95": 1.0,
      "p99": 1.000000238418579,
      "max": 1.0000007152557373,
      "min": 0.9999988675117493
    },
    "stage_mass_mean": {
      "mean": 0.3333332255423069,
      "p95": 0.3401624456048012,
      "p99": 0.34091556936502454,
      "max": 0.34219735860824585,
      "min": 0.32620105147361755
    }
  }
}
