[200/1000] C0=57.80 OS=1.06±0.75
[400/1000] C0=55.90 OS=0.65±0.57
[600/1000] C0=55.90 OS=0.33±0.47
[800/1000] C0=56.02 OS=0.49±0.42
[1000/1000] C0=56.64 OS=0.54±0.37
{
  "episodes": 1000,
  "fused": {
    "C0": {
      "mean": 56.64,
      "ci95": 1.2646351160216518
    },
    "C1": {
      "mean": 55.779999999999994,
      "ci95": 1.2807710330473254
    },
    "C3": {
      "mean": 55.859999999999985,
      "ci95": 1.2960945559989265
    },
    "C4": {
      "mean": 55.26,
      "ci95": 1.2677054790508246
    },
    "C2p0": {
      "mean": 56.18000000000001,
      "ci95": 1.2711514534312065
    },
    "C2p1": {
      "mean": 56.64,
      "ci95": 1.2887307099127419
    },
    "C2p2": {
      "mean": 56.18,
      "ci95": 1.2831946269209595
    },
    "C2p3": {
      "mean": 55.7,
      "ci95": 1.2869385920084793
    },
    "C2p4": {
      "mean": 55.779999999999994,
      "ci95": 1.2807710330473254
    }
  },
  "OS_C0_minus_C2mean": {
    "mean": 0.5440000000000002,
    "ci95": 0.37019844017501097
  },
  "delta_C0_minus_C1": {
    "mean": 0.8600000000000002,
    "ci95": 0.5307622050465594
  },
  "u1_sem_max_abs_diff_C0_vs_C2": {
    "max": 0.03549455106258392,
    "mean": 0.01377977654710412,
    "p99": 0.02667318396270275
  },
  "sanity_text_perturb_leaves_visual_unchanged": true,
  "ot_plan_stats": {
    "pi_entropy_norm": {
      "mean": 0.8060770474553108,
      "p95": 0.8107564240694046,
      "p99": 0.8135400551557541,
      "max": 0.8254408836364746,
      "min": 0.7892122268676758
    },
    "row_residual": {
      "mean": 4.0978670120239256e-07,
      "p95": 6.854534149169922e-07,
      "p99": 8.046627044677734e-07,
      "max": 1.0281801223754883e-06,
      "min": 4.470348358154297e-08
    },
    "col_residual": {
      "mean": 2.578270435333252e-06,
      "p95": 6.645917892456055e-06,
      "p99": 9.864568710327148e-06,
      "max": 2.9355287551879883e-05,
      "min": 0.0
    },
    "stage_mass_min": {
      "mean": 0.3333320111274719,
      "p95": 0.33333316445350647,
      "p99": 0.3333333134651184,
      "max": 0.3333333730697632,
      "min": 0.33331936597824097
    },
    "total_mass": {
      "mean": 0.9999997195863723,
      "p95": 1.0,
      "p99": 1.000000238418579,
      "max": 1.0000004768371582,
      "min": 0.9999989867210388
    }
  }
}
