[2026-09-05T16:25:21+00:00] I1B chain start eps=0.1 lams=0.1,0.3,1,3
[2026-09-05T16:25:21+00:00] START TRAIN config_I1B_lam01.yaml lam=0.1
[2026-09-05T18:49:29+00:00] DONE TRAIN config_I1B_lam01.yaml exit=0
[2026-09-05T18:49:29+00:00] BEST /root/rivermind-data/ta-pp/workspace_I1B_lam01/taskadapter/checkpoints/somethingcmn/5way_1shot_aug/2026-09-05_16-25-27/55.68.tar
[2026-09-05T18:49:29+00:00] START DIAG config_3a_I1B_lam01.yaml
[2026-09-05T19:13:39+00:00] DONE DIAG config_3a_I1B_lam01.yaml exit=0
[2026-09-05T19:13:39+00:00] START TRAIN config_I1B_lam03.yaml lam=0.3
[2026-09-05T21:37:28+00:00] DONE TRAIN config_I1B_lam03.yaml exit=0
[2026-09-05T21:37:28+00:00] BEST /root/rivermind-data/ta-pp/workspace_I1B_lam03/taskadapter/checkpoints/somethingcmn/5way_1shot_aug/2026-09-05_19-13-46/56.76.tar
[2026-09-05T21:37:28+00:00] START DIAG config_3a_I1B_lam03.yaml
[2026-09-05T22:01:33+00:00] DONE DIAG config_3a_I1B_lam03.yaml exit=0
[2026-09-05T22:01:33+00:00] START TRAIN config_I1B_lam1.yaml lam=1
[2026-09-06T00:25:17+00:00] DONE TRAIN config_I1B_lam1.yaml exit=0
[2026-09-06T00:25:17+00:00] BEST /root/rivermind-data/ta-pp/workspace_I1B_lam1/taskadapter/checkpoints/somethingcmn/5way_1shot_aug/2026-09-05_22-01-39/56.02.tar
[2026-09-06T00:25:17+00:00] START DIAG config_3a_I1B_lam1.yaml
[2026-09-06T00:49:21+00:00] DONE DIAG config_3a_I1B_lam1.yaml exit=0
[2026-09-06T00:49:21+00:00] START TRAIN config_I1B_lam3.yaml lam=3
[2026-09-06T03:13:03+00:00] DONE TRAIN config_I1B_lam3.yaml exit=0
[2026-09-06T03:13:03+00:00] BEST /root/rivermind-data/ta-pp/workspace_I1B_lam3/taskadapter/checkpoints/somethingcmn/5way_1shot_aug/2026-09-06_00-49-27/56.04.tar
[2026-09-06T03:13:03+00:00] START DIAG config_3a_I1B_lam3.yaml
[2026-09-06T03:36:58+00:00] DONE DIAG config_3a_I1B_lam3.yaml exit=0
[2026-09-06T03:36:58+00:00] ALL_DONE
