[200/1000] C0=57.90 OS=0.08±0.70
[400/1000] C0=57.00 OS=0.12±0.47
[600/1000] C0=57.07 OS=0.25±0.39
[800/1000] C0=57.25 OS=0.32±0.34
[1000/1000] C0=57.58 OS=0.24±0.32
{
  "episodes": 1000,
  "fused": {
    "C0": {
      "mean": 57.58,
      "ci95": 1.2830987300651622
    },
    "C1": {
      "mean": 56.84,
      "ci95": 1.2702539049943624
    },
    "C3": {
      "mean": 57.18,
      "ci95": 1.2703041554093928
    },
    "C4": {
      "mean": 56.42,
      "ci95": 1.2810592248155737
    },
    "C2p0": {
      "mean": 57.379999999999995,
      "ci95": 1.29234379103848
    },
    "C2p1": {
      "mean": 57.76,
      "ci95": 1.2873454860465265
    },
    "C2p2": {
      "mean": 57.58,
      "ci95": 1.286689970814414
    },
    "C2p3": {
      "mean": 57.120000000000005,
      "ci95": 1.2872307800420182
    },
    "C2p4": {
      "mean": 56.84,
      "ci95": 1.2702539049943624
    }
  },
  "OS_C0_minus_C2mean": {
    "mean": 0.24400000000000008,
    "ci95": 0.3210472176841919
  },
  "delta_C0_minus_C1": {
    "mean": 0.74,
    "ci95": 0.4634322648468032
  },
  "u1_sem_max_abs_diff_C0_vs_C2": {
    "max": 0.02129708230495453,
    "mean": 0.009448797456920148,
    "p99": 0.01755720734596252
  },
  "sanity_text_perturb_leaves_visual_unchanged": true,
  "ot_plan_stats": {
    "pi_entropy_norm": {
      "mean": 0.9338707232952118,
      "p95": 0.9392920643091202,
      "p99": 0.9422361940145493,
      "max": 0.9526789784431458,
      "min": 0.9115360975265503
    },
    "row_residual": {
      "mean": 5.158436298370361e-07,
      "p95": 7.599592208862305e-07,
      "p99": 8.791685104370117e-07,
      "max": 1.0728836059570312e-06,
      "min": 1.043081283569336e-07
    },
    "col_residual": {
      "mean": 0.07294947669327259,
      "p95": 0.12538876682519912,
      "p99": 0.15530725210905066,
      "max": 0.20686466991901398,
      "min": 0.00034037232398986816
    },
    "stage_mass_min": {
      "mean": 0.3057729724031687,
      "p95": 0.32367879897356033,
      "p99": 0.3288146767020225,
      "max": 0.33316290378570557,
      "min": 0.22990073263645172
    },
    "total_mass": {
      "mean": 0.9999995406460762,
      "p95": 0.9999997615814209,
      "p99": 0.9999998807907104,
      "max": 1.000000238418579,
      "min": 0.999998927116394
    }
  }
}
