[200/1000] C0=57.90 OS=0.76±0.70
[400/1000] C0=57.05 OS=0.68±0.49
[600/1000] C0=57.00 OS=0.69±0.39
[800/1000] C0=57.10 OS=0.51±0.33
[1000/1000] C0=57.58 OS=0.43±0.31
{
  "episodes": 1000,
  "fused": {
    "C0": {
      "mean": 57.58,
      "ci95": 1.2842969261018604
    },
    "C1": {
      "mean": 56.74,
      "ci95": 1.285537079377074
    },
    "C3": {
      "mean": 57.120000000000005,
      "ci95": 1.2812423129870112
    },
    "C4": {
      "mean": 56.42,
      "ci95": 1.2882430660726296
    },
    "C2p0": {
      "mean": 57.18,
      "ci95": 1.2847519475948002
    },
    "C2p1": {
      "mean": 57.54000000000001,
      "ci95": 1.2743853595481556
    },
    "C2p2": {
      "mean": 57.26,
      "ci95": 1.269766433335373
    },
    "C2p3": {
      "mean": 57.04000000000001,
      "ci95": 1.2913061326424062
    },
    "C2p4": {
      "mean": 56.74,
      "ci95": 1.285537079377074
    }
  },
  "OS_C0_minus_C2mean": {
    "mean": 0.42800000000000016,
    "ci95": 0.3142949412995935
  },
  "delta_C0_minus_C1": {
    "mean": 0.8400000000000001,
    "ci95": 0.46773525738295474
  },
  "u1_sem_max_abs_diff_C0_vs_C2": {
    "max": 0.020784378051757812,
    "mean": 0.009238790899515152,
    "p99": 0.01725693881511688
  },
  "sanity_text_perturb_leaves_visual_unchanged": true,
  "ot_plan_stats": {
    "pi_entropy_norm": {
      "mean": 0.9325989434742927,
      "p95": 0.938048979640007,
      "p99": 0.9412261366844177,
      "max": 0.9520900845527649,
      "min": 0.913345456123352
    },
    "row_residual": {
      "mean": 4.054474830627441e-07,
      "p95": 6.854534149169922e-07,
      "p99": 8.195638656616211e-07,
      "max": 1.087784767150879e-06,
      "min": 5.960464477539063e-08
    },
    "col_residual": {
      "mean": 0.0014793231105804444,
      "p95": 0.0024733170866966243,
      "p99": 0.003241752684116353,
      "max": 0.005021244287490845,
      "min": 7.152557373046875e-06
    },
    "stage_mass_min": {
      "mean": 0.3327313747012615,
      "p95": 0.3331227347254753,
      "p99": 0.33323410600423814,
      "max": 0.33333122730255127,
      "min": 0.33082249760627747
    },
    "total_mass": {
      "mean": 0.999999698946476,
      "p95": 1.0,
      "p99": 1.000000238418579,
      "max": 1.0000005960464478,
      "min": 0.9999989867210388
    }
  }
}
