[200/1000] C0=57.70 OS=0.04±0.08
[400/1000] C0=55.75 OS=0.02±0.04
[600/1000] C0=56.10 OS=0.01±0.03
[800/1000] C0=55.85 OS=0.02±0.03
[1000/1000] C0=56.46 OS=0.02±0.02
{
  "episodes": 1000,
  "fused": {
    "C0": {
      "mean": 56.45999999999999,
      "ci95": 1.2387652580714783
    },
    "C1": {
      "mean": 56.43999999999999,
      "ci95": 1.2391656277790712
    },
    "C3": {
      "mean": 56.49999999999999,
      "ci95": 1.2527812572611596
    },
    "C4": {
      "mean": 55.879999999999995,
      "ci95": 1.2337219347928177
    },
    "C2p0": {
      "mean": 56.44,
      "ci95": 1.24164565785445
    },
    "C2p1": {
      "mean": 56.45999999999999,
      "ci95": 1.2387652580714783
    },
    "C2p2": {
      "mean": 56.43999999999999,
      "ci95": 1.2391656277790712
    },
    "C2p3": {
      "mean": 56.44,
      "ci95": 1.24164565785445
    },
    "C2p4": {
      "mean": 56.43999999999999,
      "ci95": 1.2391656277790712
    }
  },
  "OS_C0_minus_C2mean": {
    "mean": 0.015999999999999997,
    "ci95": 0.02216336008192059
  },
  "delta_C0_minus_C1": {
    "mean": 0.019999999999999997,
    "ci95": 0.03919927969080107
  },
  "sanity_text_perturb_leaves_visual_unchanged": true
}
