[200/1000] C0=57.20 OS=0.46±0.78
[400/1000] C0=56.50 OS=0.38±0.51
[600/1000] C0=56.67 OS=0.39±0.41
[800/1000] C0=56.83 OS=0.44±0.35
[1000/1000] C0=57.22 OS=0.29±0.31
{
  "episodes": 1000,
  "fused": {
    "C0": {
      "mean": 57.220000000000006,
      "ci95": 1.2874786994635297
    },
    "C1": {
      "mean": 56.699999999999996,
      "ci95": 1.2767391556429994
    },
    "C3": {
      "mean": 56.94000000000001,
      "ci95": 1.279035708558648
    },
    "C4": {
      "mean": 56.49999999999999,
      "ci95": 1.2601263184077947
    },
    "C2p0": {
      "mean": 57.24,
      "ci95": 1.2870467511397574
    },
    "C2p1": {
      "mean": 57.04,
      "ci95": 1.279339319805866
    },
    "C2p2": {
      "mean": 56.99999999999999,
      "ci95": 1.27536804287955
    },
    "C2p3": {
      "mean": 56.68,
      "ci95": 1.295081281014295
    },
    "C2p4": {
      "mean": 56.699999999999996,
      "ci95": 1.2767391556429994
    }
  },
  "OS_C0_minus_C2mean": {
    "mean": 0.28800000000000026,
    "ci95": 0.31107441816726067
  },
  "delta_C0_minus_C1": {
    "mean": 0.5199999999999999,
    "ci95": 0.46623331504126236
  },
  "u1_sem_max_abs_diff_C0_vs_C2": {
    "max": 0.020422011613845825,
    "mean": 0.009169782545417548,
    "p99": 0.017420550882816313
  },
  "sanity_text_perturb_leaves_visual_unchanged": true,
  "ot_plan_stats": {
    "pi_entropy_norm": {
      "mean": 0.9329588660883904,
      "p95": 0.9384006142616272,
      "p99": 0.9414813381433487,
      "max": 0.9522797465324402,
      "min": 0.9129766225814819
    },
    "row_residual": {
      "mean": 4.081207513809204e-07,
      "p95": 7.003545761108398e-07,
      "p99": 8.195638656616211e-07,
      "max": 1.087784767150879e-06,
      "min": 2.9802322387695312e-08
    },
    "col_residual": {
      "mean": 0.01343964980483055,
      "p95": 0.022547659277915955,
      "p99": 0.029264124035835212,
      "max": 0.044360190629959106,
      "min": 6.967782974243164e-05
    },
    "stage_mass_min": {
      "mean": 0.32792939413309097,
      "p95": 0.33142735362052916,
      "p99": 0.3324177148938179,
      "max": 0.33329838514328003,
      "min": 0.3111528754234314
    },
    "total_mass": {
      "mean": 0.9999996960139275,
      "p95": 1.0,
      "p99": 1.000000238418579,
      "max": 1.0000004768371582,
      "min": 0.9999989867210388
    }
  }
}
