lr= 0.001
Epoch 0 | Loss 1.014145 Acc = 60.20% +- 1.34% | Wait...
Epoch 1 | Loss 0.691623 Acc = 74.34% +- 1.22% | Wait...
Epoch 2 | Loss 0.538899 Acc = 80.44% +- 1.12% | Wait...
Epoch 3 | Loss 0.460557 Acc = 83.76% +- 1.02% | Wait...
Epoch 4 | Loss 0.401249 Acc = 85.94% +- 1.00% | Wait...
Epoch 5 | Loss 0.337827 Acc = 88.12% +- 0.92% | Wait...
Epoch 6 | Loss 0.308253 Acc = 89.52% +- 0.86% | Wait...
Epoch 7 | Loss 0.264196 Acc = 90.58% +- 0.84% | Wait...
Epoch 8 | Loss 0.234459 Acc = 91.90% +- 0.77% | Wait...
Epoch 9 | Loss 0.205691 Acc = 93.12% +- 0.70% | 1000 Val Acc = 57.86% +- 1.35%
best model! save...
total tasks:1000	acc_mean:59.5	acc_std:1.3410611619161896
total tasks:2000	acc_mean:59.54	acc_std:0.951547601920156
total tasks:3000	acc_mean:59.413333333333334	acc_std:0.7736325958278951
total tasks:4000	acc_mean:59.445	acc_std:0.6656732327426123
total tasks:5000	acc_mean:59.604	acc_std:0.5924799472816611
total tasks:6000	acc_mean:59.64333333333333	acc_std:0.5414825655029936
total tasks:7000	acc_mean:59.54	acc_std:0.4998544127243451
total tasks:8000	acc_mean:59.4825	acc_std:0.46598056766216106
total tasks:9000	acc_mean:59.431111111111115	acc_std:0.43904168998303006
total tasks:10000	acc_mean:59.342	acc_std:0.4166680815106432
10000 Test Acc = 59.34% +- 0.42%
