==== E DUMP REDO START 2026-09-09T12:51:26Z ====
Wed Sep  9 12:51:26 2026       
+-----------------------------------------------------------------------------------------+
| NVIDIA-SMI 580.119.02             Driver Version: 580.119.02     CUDA Version: 13.0     |
+-----------------------------------------+------------------------+----------------------+
| GPU  Name                 Persistence-M | Bus-Id          Disp.A | Volatile Uncorr. ECC |
| Fan  Temp   Perf          Pwr:Usage/Cap |           Memory-Usage | GPU-Util  Compute M. |
|                                         |                        |               MIG M. |
|=========================================+========================+======================|
|   0  NVIDIA GeForce RTX 3090        On  |   00000000:E1:00.0 Off |                  N/A |
| 30%   23C    P8             20W /  350W |       0MiB /  24576MiB |      0%      Default |
|                                         |                        |                  N/A |
+-----------------------------------------+------------------------+----------------------+

+-----------------------------------------------------------------------------------------+
| Processes:                                                                              |
|  GPU   GI   CI              PID   Type   Process name                        GPU Memory |
|        ID   ID                                                               Usage      |
|=========================================================================================|
|  No running processes found                                                             |
+-----------------------------------------------------------------------------------------+
==== DUMP config_E_dump_lam03 START 2026-09-09T12:51:26Z ====
[plan_dump ep0] GT=[96, 82, 84, 79, 94] pred=[0, 1, 2, 4, 3]
[plan_dump ep1] GT=[92, 96, 77, 78, 86] pred=[0, 1, 4, 0, 4]
[plan_dump ep2] GT=[93, 77, 99, 84, 95] pred=[2, 2, 2, 3, 4]
[plan_dump ep3] GT=[88, 87, 99, 82, 79] pred=[0, 1, 2, 3, 3]
[plan_dump ep4] GT=[99, 80, 94, 77, 82] pred=[0, 4, 1, 2, 4]
[plan_dump ep5] GT=[92, 81, 99, 80, 84] pred=[0, 4, 0, 2, 4]
[plan_dump ep6] GT=[99, 90, 85, 77, 88] pred=[0, 0, 0, 0, 2]
[plan_dump ep7] GT=[80, 94, 82, 98, 96] pred=[3, 1, 2, 4, 4]
[plan_dump ep8] GT=[85, 99, 93, 96, 94] pred=[0, 1, 2, 3, 4]
[plan_dump ep9] GT=[89, 90, 91, 93, 92] pred=[1, 4, 4, 3, 4]
[plan_dump ep10] GT=[97, 78, 95, 99, 96] pred=[0, 3, 3, 0, 4]
[plan_dump ep11] GT=[86, 93, 80, 78, 97] pred=[0, 1, 2, 4, 1]
plan_dump saved: ./workspace_E_dump_lam03/plan_dump/plan_dump_2026-09-09_12-52-42.(json|npz)
==== DUMP config_E_dump_lam03 END 2026-09-09T12:52:43Z ====
==== DUMP config_E_dump_B0 START 2026-09-09T12:52:43Z ====
[plan_dump ep0] GT=[96, 82, 84, 79, 94] pred=[0, 1, 2, 4, 3]
[plan_dump ep1] GT=[92, 96, 77, 78, 86] pred=[0, 1, 4, 0, 4]
[plan_dump ep2] GT=[93, 77, 99, 84, 95] pred=[3, 2, 2, 3, 4]
[plan_dump ep3] GT=[88, 87, 99, 82, 79] pred=[0, 1, 2, 3, 3]
[plan_dump ep4] GT=[99, 80, 94, 77, 82] pred=[0, 0, 1, 2, 4]
[plan_dump ep5] GT=[92, 81, 99, 80, 84] pred=[2, 1, 0, 2, 4]
[plan_dump ep6] GT=[99, 90, 85, 77, 88] pred=[0, 0, 0, 0, 2]
[plan_dump ep7] GT=[80, 94, 82, 98, 96] pred=[3, 1, 2, 4, 4]
[plan_dump ep8] GT=[85, 99, 93, 96, 94] pred=[0, 0, 2, 3, 4]
[plan_dump ep9] GT=[89, 90, 91, 93, 92] pred=[2, 4, 4, 3, 4]
[plan_dump ep10] GT=[97, 78, 95, 99, 96] pred=[0, 0, 3, 0, 4]
[plan_dump ep11] GT=[86, 93, 80, 78, 97] pred=[0, 1, 2, 4, 1]
plan_dump saved: ./workspace_E_dump_B0/plan_dump/plan_dump_2026-09-09_12-54-48.(json|npz)
==== DUMP config_E_dump_B0 END 2026-09-09T12:54:50Z ====
==== DUMP config_E_dump_lam0 START 2026-09-09T12:54:50Z ====
[plan_dump ep0] GT=[96, 82, 84, 79, 94] pred=[0, 1, 2, 4, 3]
[plan_dump ep1] GT=[92, 96, 77, 78, 86] pred=[0, 1, 4, 0, 4]
[plan_dump ep2] GT=[93, 77, 99, 84, 95] pred=[2, 2, 0, 3, 4]
[plan_dump ep3] GT=[88, 87, 99, 82, 79] pred=[0, 1, 2, 3, 3]
[plan_dump ep4] GT=[99, 80, 94, 77, 82] pred=[0, 4, 1, 2, 4]
[plan_dump ep5] GT=[92, 81, 99, 80, 84] pred=[2, 1, 0, 2, 4]
[plan_dump ep6] GT=[99, 90, 85, 77, 88] pred=[0, 0, 0, 0, 2]
[plan_dump ep7] GT=[80, 94, 82, 98, 96] pred=[3, 1, 2, 4, 4]
[plan_dump ep8] GT=[85, 99, 93, 96, 94] pred=[0, 1, 2, 3, 4]
[plan_dump ep9] GT=[89, 90, 91, 93, 92] pred=[2, 4, 4, 3, 4]
[plan_dump ep10] GT=[97, 78, 95, 99, 96] pred=[0, 0, 3, 0, 4]
[plan_dump ep11] GT=[86, 93, 80, 78, 97] pred=[0, 1, 2, 4, 1]
plan_dump saved: ./workspace_E_dump_lam0/plan_dump/plan_dump_2026-09-09_12-56-17.(json|npz)
==== DUMP config_E_dump_lam0 END 2026-09-09T12:56:18Z ====
==== DUMP config_E_dump_lam03_s917 START 2026-09-09T12:56:18Z ====
[plan_dump ep0] GT=[96, 82, 84, 79, 94] pred=[0, 1, 2, 4, 2]
[plan_dump ep1] GT=[92, 96, 77, 78, 86] pred=[0, 1, 3, 4, 4]
[plan_dump ep2] GT=[93, 77, 99, 84, 95] pred=[3, 1, 4, 3, 4]
[plan_dump ep3] GT=[88, 87, 99, 82, 79] pred=[3, 1, 2, 3, 4]
[plan_dump ep4] GT=[99, 80, 94, 77, 82] pred=[0, 4, 2, 4, 4]
[plan_dump ep5] GT=[92, 81, 99, 80, 84] pred=[0, 4, 0, 2, 4]
[plan_dump ep6] GT=[99, 90, 85, 77, 88] pred=[0, 4, 0, 3, 2]
[plan_dump ep7] GT=[80, 94, 82, 98, 96] pred=[0, 1, 2, 4, 4]
[plan_dump ep8] GT=[85, 99, 93, 96, 94] pred=[3, 1, 0, 3, 4]
[plan_dump ep9] GT=[89, 90, 91, 93, 92] pred=[3, 4, 4, 3, 4]
[plan_dump ep10] GT=[97, 78, 95, 99, 96] pred=[0, 4, 2, 0, 4]
[plan_dump ep11] GT=[86, 93, 80, 78, 97] pred=[0, 4, 4, 3, 1]
plan_dump saved: ./workspace_E_dump_lam03_s917/plan_dump/plan_dump_2026-09-09_12-57-47.(json|npz)
==== DUMP config_E_dump_lam03_s917 END 2026-09-09T12:57:48Z ====
==== DUMP config_E_dump_lam03_rho1 START 2026-09-09T12:57:48Z ====
[plan_dump ep0] GT=[96, 82, 84, 79, 94] pred=[0, 1, 2, 4, 3]
[plan_dump ep1] GT=[92, 96, 77, 78, 86] pred=[0, 1, 4, 0, 4]
[plan_dump ep2] GT=[93, 77, 99, 84, 95] pred=[2, 2, 2, 3, 4]
[plan_dump ep3] GT=[88, 87, 99, 82, 79] pred=[0, 1, 2, 3, 3]
[plan_dump ep4] GT=[99, 80, 94, 77, 82] pred=[0, 4, 1, 2, 4]
[plan_dump ep5] GT=[92, 81, 99, 80, 84] pred=[0, 0, 0, 2, 4]
[plan_dump ep6] GT=[99, 90, 85, 77, 88] pred=[0, 0, 0, 0, 2]
[plan_dump ep7] GT=[80, 94, 82, 98, 96] pred=[3, 1, 2, 4, 4]
[plan_dump ep8] GT=[85, 99, 93, 96, 94] pred=[0, 1, 2, 3, 4]
[plan_dump ep9] GT=[89, 90, 91, 93, 92] pred=[1, 4, 4, 3, 4]
[plan_dump ep10] GT=[97, 78, 95, 99, 96] pred=[0, 3, 3, 0, 4]
[plan_dump ep11] GT=[86, 93, 80, 78, 97] pred=[0, 1, 2, 4, 1]
plan_dump saved: ./workspace_E_dump_lam03_rho1/plan_dump/plan_dump_2026-09-09_12-59-21.(json|npz)
==== DUMP config_E_dump_lam03_rho1 END 2026-09-09T12:59:22Z ====
==== E DUMP REDO DONE 2026-09-09T12:59:22Z ====
Wed Sep  9 12:59:22 2026       
+-----------------------------------------------------------------------------------------+
| NVIDIA-SMI 580.119.02             Driver Version: 580.119.02     CUDA Version: 13.0     |
+-----------------------------------------+------------------------+----------------------+
| GPU  Name                 Persistence-M | Bus-Id          Disp.A | Volatile Uncorr. ECC |
| Fan  Temp   Perf          Pwr:Usage/Cap |           Memory-Usage | GPU-Util  Compute M. |
|                                         |                        |               MIG M. |
|=========================================+========================+======================|
|   0  NVIDIA GeForce RTX 3090        On  |   00000000:E1:00.0 Off |                  N/A |
| 30%   40C    P2            126W /  350W |       0MiB /  24576MiB |      0%      Default |
|                                         |                        |                  N/A |
+-----------------------------------------+------------------------+----------------------+

+-----------------------------------------------------------------------------------------+
| Processes:                                                                              |
|  GPU   GI   CI              PID   Type   Process name                        GPU Memory |
|        ID   ID                                                               Usage      |
|=========================================================================================|
|  No running processes found                                                             |
+-----------------------------------------------------------------------------------------+
