[200/1000] C0=57.80 OS=0.00±0.00
[400/1000] C0=56.40 OS=0.00±0.00
[600/1000] C0=57.23 OS=0.00±0.00
[800/1000] C0=57.10 OS=0.00±0.00
[1000/1000] C0=57.56 OS=0.00±0.00
{
  "episodes": 1000,
  "fused": {
    "C0": {
      "mean": 57.55999999999999,
      "ci95": 1.252008140304045
    },
    "C1": {
      "mean": 57.55999999999999,
      "ci95": 1.252008140304045
    },
    "C3": {
      "mean": 57.599999999999994,
      "ci95": 1.2498465296453194
    },
    "C4": {
      "mean": 56.92,
      "ci95": 1.2102597395929657
    },
    "C2p0": {
      "mean": 57.55999999999999,
      "ci95": 1.252008140304045
    },
    "C2p1": {
      "mean": 57.55999999999999,
      "ci95": 1.252008140304045
    },
    "C2p2": {
      "mean": 57.55999999999999,
      "ci95": 1.252008140304045
    },
    "C2p3": {
      "mean": 57.55999999999999,
      "ci95": 1.252008140304045
    },
    "C2p4": {
      "mean": 57.55999999999999,
      "ci95": 1.252008140304045
    }
  },
  "OS_C0_minus_C2mean": {
    "mean": 0.0,
    "ci95": 0.0
  },
  "delta_C0_minus_C1": {
    "mean": 0.0,
    "ci95": 0.0
  },
  "sanity_text_perturb_leaves_visual_unchanged": true
}
